Archive member included because of file (symbol)

D:\Dropbox\__Lab Dev\2016_mbed\mbed_blinky_run\mbed\TARGET_LPC1768\TOOLCHAIN_GCC_CR\libmbed.a(analogin_api.o)
                              ./main.o (analogin_init)
D:\Dropbox\__Lab Dev\2016_mbed\mbed_blinky_run\mbed\TARGET_LPC1768\TOOLCHAIN_GCC_CR\libmbed.a(serial_api.o)
                              D:/Dropbox/__Lab Dev/2016_mbed/mbed_blinky_run/mbed/TARGET_LPC1768/TOOLCHAIN_GCC_CR/retarget.o (serial_getc)
D:\Dropbox\__Lab Dev\2016_mbed\mbed_blinky_run\mbed\TARGET_LPC1768\TOOLCHAIN_GCC_CR\libmbed.a(FilePath.o)
                              D:/Dropbox/__Lab Dev/2016_mbed/mbed_blinky_run/mbed/TARGET_LPC1768/TOOLCHAIN_GCC_CR/retarget.o (mbed::FilePath::FilePath(char const*))
D:\Dropbox\__Lab Dev\2016_mbed\mbed_blinky_run\mbed\TARGET_LPC1768\TOOLCHAIN_GCC_CR\libmbed.a(FileSystemLike.o)
                              D:/Dropbox/__Lab Dev/2016_mbed/mbed_blinky_run/mbed/TARGET_LPC1768/TOOLCHAIN_GCC_CR/retarget.o (mbed::FileSystemLike::opendir())
D:\Dropbox\__Lab Dev\2016_mbed\mbed_blinky_run\mbed\TARGET_LPC1768\TOOLCHAIN_GCC_CR\libmbed.a(Serial.o)
                              ./main.o (mbed::Serial::Serial(PinName, PinName, char const*))
D:\Dropbox\__Lab Dev\2016_mbed\mbed_blinky_run\mbed\TARGET_LPC1768\TOOLCHAIN_GCC_CR\libmbed.a(SerialBase.o)
                              D:\Dropbox\__Lab Dev\2016_mbed\mbed_blinky_run\mbed\TARGET_LPC1768\TOOLCHAIN_GCC_CR\libmbed.a(Serial.o) (mbed::SerialBase::SerialBase(PinName, PinName))
D:\Dropbox\__Lab Dev\2016_mbed\mbed_blinky_run\mbed\TARGET_LPC1768\TOOLCHAIN_GCC_CR\libmbed.a(Stream.o)
                              D:\Dropbox\__Lab Dev\2016_mbed\mbed_blinky_run\mbed\TARGET_LPC1768\TOOLCHAIN_GCC_CR\libmbed.a(Serial.o) (mbed::Stream::close())
D:\Dropbox\__Lab Dev\2016_mbed\mbed_blinky_run\mbed\TARGET_LPC1768\TOOLCHAIN_GCC_CR\libmbed.a(assert.o)
                              ./main.o (mbed_assert_internal)
D:\Dropbox\__Lab Dev\2016_mbed\mbed_blinky_run\mbed\TARGET_LPC1768\TOOLCHAIN_GCC_CR\libmbed.a(error.o)
                              D:/Dropbox/__Lab Dev/2016_mbed/mbed_blinky_run/mbed/TARGET_LPC1768/TOOLCHAIN_GCC_CR/retarget.o (error)
D:\Dropbox\__Lab Dev\2016_mbed\mbed_blinky_run\mbed\TARGET_LPC1768\TOOLCHAIN_GCC_CR\libmbed.a(gpio.o)
                              D:\Dropbox\__Lab Dev\2016_mbed\mbed_blinky_run\mbed\TARGET_LPC1768\TOOLCHAIN_GCC_CR\libmbed.a(serial_api.o) (gpio_init_in)
D:\Dropbox\__Lab Dev\2016_mbed\mbed_blinky_run\mbed\TARGET_LPC1768\TOOLCHAIN_GCC_CR\libmbed.a(mbed_interface.o)
                              D:/Dropbox/__Lab Dev/2016_mbed/mbed_blinky_run/mbed/TARGET_LPC1768/TOOLCHAIN_GCC_CR/retarget.o (mbed_interface_connected)
D:\Dropbox\__Lab Dev\2016_mbed\mbed_blinky_run\mbed\TARGET_LPC1768\TOOLCHAIN_GCC_CR\libmbed.a(pinmap_common.o)
                              D:\Dropbox\__Lab Dev\2016_mbed\mbed_blinky_run\mbed\TARGET_LPC1768\TOOLCHAIN_GCC_CR\libmbed.a(analogin_api.o) (pinmap_pinout)
D:\Dropbox\__Lab Dev\2016_mbed\mbed_blinky_run\mbed\TARGET_LPC1768\TOOLCHAIN_GCC_CR\libmbed.a(semihost_api.o)
                              D:/Dropbox/__Lab Dev/2016_mbed/mbed_blinky_run/mbed/TARGET_LPC1768/TOOLCHAIN_GCC_CR/retarget.o (semihost_exit)
D:\Dropbox\__Lab Dev\2016_mbed\mbed_blinky_run\mbed\TARGET_LPC1768\TOOLCHAIN_GCC_CR\libmbed.a(wait_api.o)
                              D:\Dropbox\__Lab Dev\2016_mbed\mbed_blinky_run\mbed\TARGET_LPC1768\TOOLCHAIN_GCC_CR\libmbed.a(SerialBase.o) (wait_us)
D:\Dropbox\__Lab Dev\2016_mbed\mbed_blinky_run\mbed\TARGET_LPC1768\TOOLCHAIN_GCC_CR\libmbed.a(gpio_api.o)
                              D:\Dropbox\__Lab Dev\2016_mbed\mbed_blinky_run\mbed\TARGET_LPC1768\TOOLCHAIN_GCC_CR\libmbed.a(gpio.o) (gpio_init)
D:\Dropbox\__Lab Dev\2016_mbed\mbed_blinky_run\mbed\TARGET_LPC1768\TOOLCHAIN_GCC_CR\libmbed.a(pinmap.o)
                              D:\Dropbox\__Lab Dev\2016_mbed\mbed_blinky_run\mbed\TARGET_LPC1768\TOOLCHAIN_GCC_CR\libmbed.a(pinmap_common.o) (pin_function)
D:\Dropbox\__Lab Dev\2016_mbed\mbed_blinky_run\mbed\TARGET_LPC1768\TOOLCHAIN_GCC_CR\libmbed.a(us_ticker.o)
                              D:\Dropbox\__Lab Dev\2016_mbed\mbed_blinky_run\mbed\TARGET_LPC1768\TOOLCHAIN_GCC_CR\libmbed.a(wait_api.o) (us_ticker_read)
D:\Dropbox\__Lab Dev\2016_mbed\mbed_blinky_run\mbed\TARGET_LPC1768\TOOLCHAIN_GCC_CR\libmbed.a(FileBase.o)
                              D:\Dropbox\__Lab Dev\2016_mbed\mbed_blinky_run\mbed\TARGET_LPC1768\TOOLCHAIN_GCC_CR\libmbed.a(FileSystemLike.o) (mbed::FileBase::~FileBase())
D:\Dropbox\__Lab Dev\2016_mbed\mbed_blinky_run\mbed\TARGET_LPC1768\TOOLCHAIN_GCC_CR\libmbed.a(FileLike.o)
                              D:\Dropbox\__Lab Dev\2016_mbed\mbed_blinky_run\mbed\TARGET_LPC1768\TOOLCHAIN_GCC_CR\libmbed.a(Stream.o) (mbed::FileLike::FileLike(char const*))
D:\Dropbox\__Lab Dev\2016_mbed\mbed_blinky_run\mbed\TARGET_LPC1768\TOOLCHAIN_GCC_CR\libmbed.a(us_ticker_api.o)
[...]
Memory Configuration

Name             Origin             Length             Attributes
MFlash512        0x00000000         0x00080000         xr
RamLoc32         0x100000c8         0x00007f38         xrw
RamAHB_USB       0x2007c000         0x00004000         xrw
RamAHB_Eth       0x20080000         0x00004000         xrw
*default*        0x00000000         0xffffffff

Linker script and memory map

LOAD ./main.o
LOAD D:/Dropbox/__Lab Dev/2016_mbed/mbed_blinky_run/mbed/TARGET_LPC1768/TOOLCHAIN_GCC_CR/board.o
LOAD D:/Dropbox/__Lab Dev/2016_mbed/mbed_blinky_run/mbed/TARGET_LPC1768/TOOLCHAIN_GCC_CR/cmsis_nvic.o
LOAD D:/Dropbox/__Lab Dev/2016_mbed/mbed_blinky_run/mbed/TARGET_LPC1768/TOOLCHAIN_GCC_CR/retarget.o
LOAD D:/Dropbox/__Lab Dev/2016_mbed/mbed_blinky_run/mbed/TARGET_LPC1768/TOOLCHAIN_GCC_CR/startup_LPC17xx.o
LOAD D:/Dropbox/__Lab Dev/2016_mbed/mbed_blinky_run/mbed/TARGET_LPC1768/TOOLCHAIN_GCC_CR/system_LPC17xx.o
LOAD D:\Dropbox\__Lab Dev\2016_mbed\mbed_blinky_run\mbed\TARGET_LPC1768\TOOLCHAIN_GCC_CR\libmbed.a
START GROUP
LOAD c:/nxp/lpcxpresso_8.0.0_526/lpcxpresso/tools/bin/../lib/gcc/arm-none-eabi/4.9.3/armv7-m\libgcc.a
LOAD c:/nxp/lpcxpresso_8.0.0_526/lpcxpresso/tools/bin/../lib/gcc/arm-none-eabi/4.9.3/../../../../arm-none-eabi/lib/armv7-m\libc.a
LOAD c:/nxp/lpcxpresso_8.0.0_526/lpcxpresso/tools/bin/../lib/gcc/arm-none-eabi/4.9.3/../../../../arm-none-eabi/lib/armv7-m\libstdc++.a
LOAD c:/nxp/lpcxpresso_8.0.0_526/lpcxpresso/tools/bin/../lib/gcc/arm-none-eabi/4.9.3/../../../../arm-none-eabi/lib/armv7-m\libm.a
LOAD c:/nxp/lpcxpresso_8.0.0_526/lpcxpresso/tools/bin/../lib/gcc/arm-none-eabi/4.9.3/../../../../arm-none-eabi/lib/armv7-m\libcr_newlib_nohost.a
LOAD c:/nxp/lpcxpresso_8.0.0_526/lpcxpresso/tools/bin/../lib/gcc/arm-none-eabi/4.9.3/armv7-m\crti.o
LOAD c:/nxp/lpcxpresso_8.0.0_526/lpcxpresso/tools/bin/../lib/gcc/arm-none-eabi/4.9.3/armv7-m\crtn.o
LOAD c:/nxp/lpcxpresso_8.0.0_526/lpcxpresso/tools/bin/../lib/gcc/arm-none-eabi/4.9.3/armv7-m\crtbegin.o
LOAD c:/nxp/lpcxpresso_8.0.0_526/lpcxpresso/tools/bin/../lib/gcc/arm-none-eabi/4.9.3/armv7-m\crtend.o
END GROUP
                0x00080000                __top_MFlash512 = 0x80000
                0x10008000                __top_RamLoc32 = 0x10008000
                0x20084000                __top_RamAHB32 = 0x20084000

.text           0x00000000     0xd350
 FILL mask 0xff
 *(.isr_vector)
 .isr_vector    0x00000000       0xcc D:/Dropbox/__Lab Dev/2016_mbed/mbed_blinky_run/mbed/TARGET_LPC1768/TOOLCHAIN_GCC_CR/startup_LPC17xx.o
                0x00000000                g_pfnVectors
                0x000000cc                . = ALIGN (0x4)
                0x000000cc                __section_table_start = .
                0x000000cc                __data_section_table = .
                0x000000cc        0x4 LONG 0xd358 LOADADDR (.data)
                0x000000d0        0x4 LONG 0x100000c8 ADDR (.data)
                0x000000d4        0x4 LONG 0x8b0 SIZEOF (.data)
                0x000000d8        0x4 LONG 0xd358 LOADADDR (.data_RAM2)
                0x000000dc        0x4 LONG 0x2007c000 ADDR (.data_RAM2)
                0x000000e0        0x4 LONG 0x0 SIZEOF (.data_RAM2)
                0x000000e4                __data_section_table_end = .
                0x000000e4                __bss_section_table = .
                0x000000e4        0x4 LONG 0x10000978 ADDR (.bss)
                0x000000e8        0x4 LONG 0x2c0 SIZEOF (.bss)
                0x000000ec        0x4 LONG 0x2007c000 ADDR (.bss_RAM2)
                0x000000f0        0x4 LONG 0x0 SIZEOF (.bss_RAM2)
                0x000000f4                __bss_section_table_end = .
                0x000000f4                __section_table_end = .
 *(.after_vectors*)
 .after_vectors
                0x000000f4       0xe4 D:/Dropbox/__Lab Dev/2016_mbed/mbed_blinky_run/mbed/TARGET_LPC1768/TOOLCHAIN_GCC_CR/startup_LPC17xx.o
                0x000000f4                NMI_Handler
                0x000000f8                HardFault_Handler
                0x000000fc                MemManage_Handler
                0x00000100                BusFault_Handler
                0x00000104                UsageFault_Handler
                0x00000108                SVC_Handler
                0x0000010c                DebugMon_Handler
                0x00000110                PendSV_Handler
                0x00000114                SysTick_Handler
                0x00000118                PWM1_IRQHandler
                0x00000118                I2C1_IRQHandler
                0x00000118                EINT2_IRQHandler
                0x00000118                UART1_IRQHandler
                0x00000118                EINT3_IRQHandler
                0x00000118                CANActivity_IRQHandler
                0x00000118                TIMER3_IRQHandler
                0x00000118                UART0_IRQHandler
                0x00000118                MCPWM_IRQHandler
                0x00000118                I2C0_IRQHandler
                0x00000118                IntDefaultHandler
                0x00000118                RIT_IRQHandler
                0x00000118                CAN_IRQHandler
                0x00000118                PLL1_IRQHandler
                0x00000118                SSP0_IRQHandler
                0x00000118                I2S_IRQHandler
                0x00000118                I2C2_IRQHandler
                0x00000118                RTC_IRQHandler
                0x00000118                TIMER0_IRQHandler
                0x00000118                SPI_IRQHandler
                0x00000118                UART3_IRQHandler
                0x00000118                EINT1_IRQHandler
                0x00000118                TIMER1_IRQHandler
                0x00000118                UART2_IRQHandler
                0x00000118                ADC_IRQHandler
                0x00000118                SSP1_IRQHandler
                0x00000118                USB_IRQHandler
                0x00000118                BOD_IRQHandler
                0x00000118                USBActivity_IRQHandler
                0x00000118                WDT_IRQHandler
                0x00000118                PLL0_IRQHandler
                0x00000118                QEI_IRQHandler
                0x00000118                EINT0_IRQHandler
                0x00000118                TIMER2_IRQHandler
                0x00000118                DMA_IRQHandler
                0x00000118                ENET_IRQHandler
                0x0000011c                ResetISR
                0x000001a4                data_init
                0x000001c0                bss_init
 *(.text*)
 .text.gpio_write
                0x000001d8       0x48 ./main.o
 .text._ZN4mbed10DigitalOutC2E7PinName
                0x00000220       0x44 ./main.o
                0x00000220                mbed::DigitalOut::DigitalOut(PinName)
                0x00000220                mbed::DigitalOut::DigitalOut(PinName)
 .text._ZN4mbed10DigitalOut5writeEi
                0x00000264       0x1c ./main.o
                0x00000264                mbed::DigitalOut::write(int)
 .text._ZN4mbed10DigitalOutaSEi
                0x00000280       0x1c ./main.o
                0x00000280                mbed::DigitalOut::operator=(int)
 .text._ZN4mbed8AnalogInC2E7PinName
                0x0000029c       0x20 ./main.o
                0x0000029c                mbed::AnalogIn::AnalogIn(PinName)
                0x0000029c                mbed::AnalogIn::AnalogIn(PinName)
 .text._ZN4mbed8AnalogIn8read_u16Ev
                0x000002bc       0x1c ./main.o
                0x000002bc                mbed::AnalogIn::read_u16()
 .text._ZN4mbed10SerialBaseD2Ev
                0x000002d8       0x28 ./main.o
                0x000002d8                mbed::SerialBase::~SerialBase()
                0x000002d8                mbed::SerialBase::~SerialBase()
 .text._ZN4mbed10SerialBaseD0Ev
                0x00000300       0x20 ./main.o
                0x00000300                mbed::SerialBase::~SerialBase()
 .text.main     0x00000320      0x1c4 ./main.o
                0x00000320                main
 .text._ZN4mbed6SerialD2Ev
                0x000004e4       0x50 ./main.o
                0x000004e4                mbed::Serial::~Serial()
                0x000004e4                mbed::Serial::~Serial()
 .text._ZN4mbed6SerialD1Ev
                0x00000534       0x10 ./main.o
                0x00000534                non-virtual thunk to mbed::Serial::~Serial()
                0x0000053c                non-virtual thunk to mbed::Serial::~Serial()
 .text._ZN4mbed6SerialD0Ev
                0x00000544       0x30 ./main.o
                0x00000544                mbed::Serial::~Serial()
                0x00000564                non-virtual thunk to mbed::Serial::~Serial()
                0x0000056c                non-virtual thunk to mbed::Serial::~Serial()
 .text._Z41__static_initialization_and_destruction_0ii
                0x00000574       0x4c ./main.o
 .text._GLOBAL__sub_I_serial
                0x000005c0       0x10 ./main.o
 .text.mbed_die
                0x000005d0      0x10c D:/Dropbox/__Lab Dev/2016_mbed/mbed_blinky_run/mbed/TARGET_LPC1768/TOOLCHAIN_GCC_CR/board.o
                0x000005d0                mbed_die
 .text.NVIC_SetVector
                0x000006dc       0x3c D:/Dropbox/__Lab Dev/2016_mbed/mbed_blinky_run/mbed/TARGET_LPC1768/TOOLCHAIN_GCC_CR/cmsis_nvic.o
                0x000006dc                NVIC_SetVector
 .text._ZN4mbed10FileHandle4flenEv
                0x00000718       0x34 D:/Dropbox/__Lab Dev/2016_mbed/mbed_blinky_run/mbed/TARGET_LPC1768/TOOLCHAIN_GCC_CR/retarget.o
                0x00000718                mbed::FileHandle::flen()
 .text._ZL11init_serialv.part.0
                0x0000074c       0x18 D:/Dropbox/__Lab Dev/2016_mbed/mbed_blinky_run/mbed/TARGET_LPC1768/TOOLCHAIN_GCC_CR/retarget.o
 .text._ZN4mbed10FileHandleD2Ev
                0x00000764       0x2c D:/Dropbox/__Lab Dev/2016_mbed/mbed_blinky_run/mbed/TARGET_LPC1768/TOOLCHAIN_GCC_CR/retarget.o
                0x00000764                mbed::FileHandle::~FileHandle()
                0x00000764                mbed::FileHandle::~FileHandle()
 .text._open    0x00000790       0xfc D:/Dropbox/__Lab Dev/2016_mbed/mbed_blinky_run/mbed/TARGET_LPC1768/TOOLCHAIN_GCC_CR/retarget.o
                0x00000790                _open
 .text._close   0x0000088c       0x28 D:/Dropbox/__Lab Dev/2016_mbed/mbed_blinky_run/mbed/TARGET_LPC1768/TOOLCHAIN_GCC_CR/retarget.o
                0x0000088c                _close
 .text._write   0x000008b4       0x4c D:/Dropbox/__Lab Dev/2016_mbed/mbed_blinky_run/mbed/TARGET_LPC1768/TOOLCHAIN_GCC_CR/retarget.o
                0x000008b4                _write
 .text._read    0x00000900       0x44 D:/Dropbox/__Lab Dev/2016_mbed/mbed_blinky_run/mbed/TARGET_LPC1768/TOOLCHAIN_GCC_CR/retarget.o
                0x00000900                _read
 .text._isatty  0x00000944       0x24 D:/Dropbox/__Lab Dev/2016_mbed/mbed_blinky_run/mbed/TARGET_LPC1768/TOOLCHAIN_GCC_CR/retarget.o
                0x00000944                _isatty
 .text._lseek   0x00000968       0x24 D:/Dropbox/__Lab Dev/2016_mbed/mbed_blinky_run/mbed/TARGET_LPC1768/TOOLCHAIN_GCC_CR/retarget.o
                0x00000968                _lseek
 .text._fstat   0x0000098c       0x20 D:/Dropbox/__Lab Dev/2016_mbed/mbed_blinky_run/mbed/TARGET_LPC1768/TOOLCHAIN_GCC_CR/retarget.o
                0x0000098c                _fstat
 .text.exit     0x000009ac       0x30 D:/Dropbox/__Lab Dev/2016_mbed/mbed_blinky_run/mbed/TARGET_LPC1768/TOOLCHAIN_GCC_CR/retarget.o
                0x000009ac                exit
 .text.__cxa_pure_virtual
                0x000009dc        0x8 D:/Dropbox/__Lab Dev/2016_mbed/mbed_blinky_run/mbed/TARGET_LPC1768/TOOLCHAIN_GCC_CR/retarget.o
                0x000009dc                __cxa_pure_virtual
 .text._ZN4mbed26mbed_set_unbuffered_streamEP7__sFILE
                0x000009e4        0x8 D:/Dropbox/__Lab Dev/2016_mbed/mbed_blinky_run/mbed/TARGET_LPC1768/TOOLCHAIN_GCC_CR/retarget.o
                0x000009e4                mbed::mbed_set_unbuffered_stream(__sFILE*)
 .text.__aeabi_atexit
                0x000009ec        0x4 D:/Dropbox/__Lab Dev/2016_mbed/mbed_blinky_run/mbed/TARGET_LPC1768/TOOLCHAIN_GCC_CR/startup_LPC17xx.o
                0x000009ec                __aeabi_atexit
 .text._ZdlPv   0x000009f0        0x4 D:/Dropbox/__Lab Dev/2016_mbed/mbed_blinky_run/mbed/TARGET_LPC1768/TOOLCHAIN_GCC_CR/startup_LPC17xx.o
                0x000009f0                operator delete(void*)
 .text.SystemInit
                0x000009f4       0xb8 D:/Dropbox/__Lab Dev/2016_mbed/mbed_blinky_run/mbed/TARGET_LPC1768/TOOLCHAIN_GCC_CR/system_LPC17xx.o
                0x000009f4                SystemInit
 .text.analogin_init
                0x00000aac       0x98 D:\Dropbox\__Lab Dev\2016_mbed\mbed_blinky_run\mbed\TARGET_LPC1768\TOOLCHAIN_GCC_CR\libmbed.a(analogin_api.o)
                0x00000aac                analogin_init
 .text.analogin_read_u16
                0x00000b44       0xb8 D:\Dropbox\__Lab Dev\2016_mbed\mbed_blinky_run\mbed\TARGET_LPC1768\TOOLCHAIN_GCC_CR\libmbed.a(analogin_api.o)
                0x00000b44                analogin_read_u16
 .text.uart1_irq
                0x00000bfc       0x60 D:\Dropbox\__Lab Dev\2016_mbed\mbed_blinky_run\mbed\TARGET_LPC1768\TOOLCHAIN_GCC_CR\libmbed.a(serial_api.o)
                0x00000bfc                uart1_irq
 .text.serial_irq_set_internal
                0x00000c5c       0xc8 D:\Dropbox\__Lab Dev\2016_mbed\mbed_blinky_run\mbed\TARGET_LPC1768\TOOLCHAIN_GCC_CR\libmbed.a(serial_api.o)
 .text.uart3_irq
                0x00000d24       0x6c D:\Dropbox\__Lab Dev\2016_mbed\mbed_blinky_run\mbed\TARGET_LPC1768\TOOLCHAIN_GCC_CR\libmbed.a(serial_api.o)
                0x00000d24                uart3_irq
 .text.uart2_irq
                0x00000d90       0x64 D:\Dropbox\__Lab Dev\2016_mbed\mbed_blinky_run\mbed\TARGET_LPC1768\TOOLCHAIN_GCC_CR\libmbed.a(serial_api.o)
                0x00000d90                uart2_irq
 .text.uart0_irq
                0x00000df4       0x60 D:\Dropbox\__Lab Dev\2016_mbed\mbed_blinky_run\mbed\TARGET_LPC1768\TOOLCHAIN_GCC_CR\libmbed.a(serial_api.o)
                0x00000df4                uart0_irq
 .text.serial_baud
                0x00000e54      0x234 D:\Dropbox\__Lab Dev\2016_mbed\mbed_blinky_run\mbed\TARGET_LPC1768\TOOLCHAIN_GCC_CR\libmbed.a(serial_api.o)
                0x00000e54                serial_baud
 .text.serial_format
                0x00001088       0x78 D:\Dropbox\__Lab Dev\2016_mbed\mbed_blinky_run\mbed\TARGET_LPC1768\TOOLCHAIN_GCC_CR\libmbed.a(serial_api.o)
                0x00001088                serial_format
 .text.serial_irq_handler
                0x00001100       0x20 D:\Dropbox\__Lab Dev\2016_mbed\mbed_blinky_run\mbed\TARGET_LPC1768\TOOLCHAIN_GCC_CR\libmbed.a(serial_api.o)
                0x00001100                serial_irq_handler
 .text.serial_getc
                0x00001120       0x34 D:\Dropbox\__Lab Dev\2016_mbed\mbed_blinky_run\mbed\TARGET_LPC1768\TOOLCHAIN_GCC_CR\libmbed.a(serial_api.o)
                0x00001120                serial_getc
 .text.serial_writable
                0x00001154       0x50 D:\Dropbox\__Lab Dev\2016_mbed\mbed_blinky_run\mbed\TARGET_LPC1768\TOOLCHAIN_GCC_CR\libmbed.a(serial_api.o)
                0x00001154                serial_writable
 .text.serial_putc
                0x000011a4       0x34 D:\Dropbox\__Lab Dev\2016_mbed\mbed_blinky_run\mbed\TARGET_LPC1768\TOOLCHAIN_GCC_CR\libmbed.a(serial_api.o)
                0x000011a4                serial_putc
 .text.serial_set_flow_control
                0x000011d8      0x130 D:\Dropbox\__Lab Dev\2016_mbed\mbed_blinky_run\mbed\TARGET_LPC1768\TOOLCHAIN_GCC_CR\libmbed.a(serial_api.o)
                0x000011d8                serial_set_flow_control
 .text.serial_init
                0x00001308      0x1bc D:\Dropbox\__Lab Dev\2016_mbed\mbed_blinky_run\mbed\TARGET_LPC1768\TOOLCHAIN_GCC_CR\libmbed.a(serial_api.o)
                0x00001308                serial_init
 .text._ZN4mbed8FilePathC2EPKc
                0x000014c4       0x54 D:\Dropbox\__Lab Dev\2016_mbed\mbed_blinky_run\mbed\TARGET_LPC1768\TOOLCHAIN_GCC_CR\libmbed.a(FilePath.o)
                0x000014c4                mbed::FilePath::FilePath(char const*)
                0x000014c4                mbed::FilePath::FilePath(char const*)
 .text._ZN4mbed8FilePath8fileNameEv
                0x00001518        0x4 D:\Dropbox\__Lab Dev\2016_mbed\mbed_blinky_run\mbed\TARGET_LPC1768\TOOLCHAIN_GCC_CR\libmbed.a(FilePath.o)
                0x00001518                mbed::FilePath::fileName()
 .text._ZN4mbed8FilePath10fileSystemEv
                0x0000151c       0x20 D:\Dropbox\__Lab Dev\2016_mbed\mbed_blinky_run\mbed\TARGET_LPC1768\TOOLCHAIN_GCC_CR\libmbed.a(FilePath.o)
                0x0000151c                mbed::FilePath::fileSystem()
 .text._ZN4mbed8FilePath6isFileEv
                0x0000153c       0x14 D:\Dropbox\__Lab Dev\2016_mbed\mbed_blinky_run\mbed\TARGET_LPC1768\TOOLCHAIN_GCC_CR\libmbed.a(FilePath.o)
                0x0000153c                mbed::FilePath::isFile()
 .text._ZN4mbed8FilePath4fileEv
                0x00001550       0x20 D:\Dropbox\__Lab Dev\2016_mbed\mbed_blinky_run\mbed\TARGET_LPC1768\TOOLCHAIN_GCC_CR\libmbed.a(FilePath.o)
                0x00001550                mbed::FilePath::file()
 .text._ZN4mbed8FilePath6existsEv
                0x00001570        0xc D:\Dropbox\__Lab Dev\2016_mbed\mbed_blinky_run\mbed\TARGET_LPC1768\TOOLCHAIN_GCC_CR\libmbed.a(FilePath.o)
                0x00001570                mbed::FilePath::exists()
 .text._ZN4mbed6Serial5_getcEv
                0x0000157c        0x4 D:\Dropbox\__Lab Dev\2016_mbed\mbed_blinky_run\mbed\TARGET_LPC1768\TOOLCHAIN_GCC_CR\libmbed.a(Serial.o)
                0x0000157c                mbed::Serial::_getc()
 .text._ZThn64_N4mbed6Serial5_getcEv
                0x00001580        0x8 D:\Dropbox\__Lab Dev\2016_mbed\mbed_blinky_run\mbed\TARGET_LPC1768\TOOLCHAIN_GCC_CR\libmbed.a(Serial.o)
                0x00001580                non-virtual thunk to mbed::Serial::_getc()
 .text._ZN4mbed6Serial5_putcEi
                0x00001588        0x4 D:\Dropbox\__Lab Dev\2016_mbed\mbed_blinky_run\mbed\TARGET_LPC1768\TOOLCHAIN_GCC_CR\libmbed.a(Serial.o)
                0x00001588                mbed::Serial::_putc(int)
 .text._ZThn64_N4mbed6Serial5_putcEi
                0x0000158c        0x8 D:\Dropbox\__Lab Dev\2016_mbed\mbed_blinky_run\mbed\TARGET_LPC1768\TOOLCHAIN_GCC_CR\libmbed.a(Serial.o)
                0x0000158c                non-virtual thunk to mbed::Serial::_putc(int)
 .text._ZN4mbed6SerialC2E7PinNameS1_PKc
                0x00001594       0x30 D:\Dropbox\__Lab Dev\2016_mbed\mbed_blinky_run\mbed\TARGET_LPC1768\TOOLCHAIN_GCC_CR\libmbed.a(Serial.o)
                0x00001594                mbed::Serial::Serial(PinName, PinName, char const*)
                0x00001594                mbed::Serial::Serial(PinName, PinName, char const*)
 .text._ZN4mbed10SerialBase12_irq_handlerEm9SerialIrq
                0x000015c4       0x34 D:\Dropbox\__Lab Dev\2016_mbed\mbed_blinky_run\mbed\TARGET_LPC1768\TOOLCHAIN_GCC_CR\libmbed.a(SerialBase.o)
                0x000015c4                mbed::SerialBase::_irq_handler(unsigned long, SerialIrq)
 .text._ZN4mbed10SerialBaseC2E7PinNameS1_
                0x000015f8       0x3c D:\Dropbox\__Lab Dev\2016_mbed\mbed_blinky_run\mbed\TARGET_LPC1768\TOOLCHAIN_GCC_CR\libmbed.a(SerialBase.o)
                0x000015f8                mbed::SerialBase::SerialBase(PinName, PinName)
                0x000015f8                mbed::SerialBase::SerialBase(PinName, PinName)
 .text._ZN4mbed10SerialBase4baudEi
                0x00001634       0x10 D:\Dropbox\__Lab Dev\2016_mbed\mbed_blinky_run\mbed\TARGET_LPC1768\TOOLCHAIN_GCC_CR\libmbed.a(SerialBase.o)
                0x00001634                mbed::SerialBase::baud(int)
 .text._ZN4mbed10SerialBase10_base_getcEv
                0x00001644        0x8 D:\Dropbox\__Lab Dev\2016_mbed\mbed_blinky_run\mbed\TARGET_LPC1768\TOOLCHAIN_GCC_CR\libmbed.a(SerialBase.o)
                0x00001644                mbed::SerialBase::_base_getc()
 .text._ZN4mbed10SerialBase10_base_putcEi
                0x0000164c       0x10 D:\Dropbox\__Lab Dev\2016_mbed\mbed_blinky_run\mbed\TARGET_LPC1768\TOOLCHAIN_GCC_CR\libmbed.a(SerialBase.o)
                0x0000164c                mbed::SerialBase::_base_putc(int)
 .text._ZN4mbed6Stream5closeEv
                0x0000165c        0x4 D:\Dropbox\__Lab Dev\2016_mbed\mbed_blinky_run\mbed\TARGET_LPC1768\TOOLCHAIN_GCC_CR\libmbed.a(Stream.o)
                0x0000165c                mbed::Stream::close()
 .text._ZN4mbed6Stream5writeEPKvj
                0x00001660       0x2c D:\Dropbox\__Lab Dev\2016_mbed\mbed_blinky_run\mbed\TARGET_LPC1768\TOOLCHAIN_GCC_CR\libmbed.a(Stream.o)
                0x00001660                mbed::Stream::write(void const*, unsigned int)
 .text._ZN4mbed6Stream4readEPvj
                0x0000168c       0x2c D:\Dropbox\__Lab Dev\2016_mbed\mbed_blinky_run\mbed\TARGET_LPC1768\TOOLCHAIN_GCC_CR\libmbed.a(Stream.o)
                0x0000168c                mbed::Stream::read(void*, unsigned int)
 .text._ZN4mbed6Stream5lseekEli
                0x000016b8        0x4 D:\Dropbox\__Lab Dev\2016_mbed\mbed_blinky_run\mbed\TARGET_LPC1768\TOOLCHAIN_GCC_CR\libmbed.a(Stream.o)
                0x000016b8                mbed::Stream::lseek(long, int)
 .text._ZN4mbed6Stream6isattyEv
                0x000016bc        0x4 D:\Dropbox\__Lab Dev\2016_mbed\mbed_blinky_run\mbed\TARGET_LPC1768\TOOLCHAIN_GCC_CR\libmbed.a(Stream.o)
                0x000016bc                mbed::Stream::isatty()
 .text._ZN4mbed6Stream5fsyncEv
                0x000016c0        0x4 D:\Dropbox\__Lab Dev\2016_mbed\mbed_blinky_run\mbed\TARGET_LPC1768\TOOLCHAIN_GCC_CR\libmbed.a(Stream.o)
                0x000016c0                mbed::Stream::fsync()
 .text._ZN4mbed6Stream4flenEv
                0x000016c4        0x4 D:\Dropbox\__Lab Dev\2016_mbed\mbed_blinky_run\mbed\TARGET_LPC1768\TOOLCHAIN_GCC_CR\libmbed.a(Stream.o)
                0x000016c4                mbed::Stream::flen()
 .text._ZN4mbed6StreamC2EPKc
                0x000016c8       0x44 D:\Dropbox\__Lab Dev\2016_mbed\mbed_blinky_run\mbed\TARGET_LPC1768\TOOLCHAIN_GCC_CR\libmbed.a(Stream.o)
                0x000016c8                mbed::Stream::Stream(char const*)
                0x000016c8                mbed::Stream::Stream(char const*)
 .text._ZN4mbed6StreamD2Ev
                0x0000170c       0x24 D:\Dropbox\__Lab Dev\2016_mbed\mbed_blinky_run\mbed\TARGET_LPC1768\TOOLCHAIN_GCC_CR\libmbed.a(Stream.o)
                0x0000170c                mbed::Stream::~Stream()
                0x0000170c                mbed::Stream::~Stream()
 .text._ZN4mbed6Stream6printfEPKcz
                0x00001730       0x2c D:\Dropbox\__Lab Dev\2016_mbed\mbed_blinky_run\mbed\TARGET_LPC1768\TOOLCHAIN_GCC_CR\libmbed.a(Stream.o)
                0x00001730                mbed::Stream::printf(char const*, ...)
 .text.mbed_assert_internal
                0x0000175c       0x18 D:\Dropbox\__Lab Dev\2016_mbed\mbed_blinky_run\mbed\TARGET_LPC1768\TOOLCHAIN_GCC_CR\libmbed.a(assert.o)
                0x0000175c                mbed_assert_internal
 .text.error    0x00001774       0x24 D:\Dropbox\__Lab Dev\2016_mbed\mbed_blinky_run\mbed\TARGET_LPC1768\TOOLCHAIN_GCC_CR\libmbed.a(error.o)
                0x00001774                error
 .text.gpio_init_in
                0x00001798       0x24 D:\Dropbox\__Lab Dev\2016_mbed\mbed_blinky_run\mbed\TARGET_LPC1768\TOOLCHAIN_GCC_CR\libmbed.a(gpio.o)
                0x00001798                gpio_init_in
 .text.gpio_init_out
                0x000017bc       0x44 D:\Dropbox\__Lab Dev\2016_mbed\mbed_blinky_run\mbed\TARGET_LPC1768\TOOLCHAIN_GCC_CR\libmbed.a(gpio.o)
                0x000017bc                gpio_init_out
 .text.gpio_init_out_ex
                0x00001800       0x54 D:\Dropbox\__Lab Dev\2016_mbed\mbed_blinky_run\mbed\TARGET_LPC1768\TOOLCHAIN_GCC_CR\libmbed.a(gpio.o)
                0x00001800                gpio_init_out_ex
 .text.mbed_interface_connected
                0x00001854        0x4 D:\Dropbox\__Lab Dev\2016_mbed\mbed_blinky_run\mbed\TARGET_LPC1768\TOOLCHAIN_GCC_CR\libmbed.a(mbed_interface.o)
                0x00001854                mbed_interface_connected
 .text.pinmap_pinout
                0x00001858       0x40 D:\Dropbox\__Lab Dev\2016_mbed\mbed_blinky_run\mbed\TARGET_LPC1768\TOOLCHAIN_GCC_CR\libmbed.a(pinmap_common.o)
                0x00001858                pinmap_pinout
 .text.pinmap_merge
                0x00001898       0x24 D:\Dropbox\__Lab Dev\2016_mbed\mbed_blinky_run\mbed\TARGET_LPC1768\TOOLCHAIN_GCC_CR\libmbed.a(pinmap_common.o)
                0x00001898                pinmap_merge
 .text.pinmap_find_peripheral
                0x000018bc       0x1c D:\Dropbox\__Lab Dev\2016_mbed\mbed_blinky_run\mbed\TARGET_LPC1768\TOOLCHAIN_GCC_CR\libmbed.a(pinmap_common.o)
                0x000018bc                pinmap_find_peripheral
 .text.pinmap_peripheral
                0x000018d8       0x34 D:\Dropbox\__Lab Dev\2016_mbed\mbed_blinky_run\mbed\TARGET_LPC1768\TOOLCHAIN_GCC_CR\libmbed.a(pinmap_common.o)
                0x000018d8                pinmap_peripheral
 .text.semihost_exit
                0x0000190c       0x18 D:\Dropbox\__Lab Dev\2016_mbed\mbed_blinky_run\mbed\TARGET_LPC1768\TOOLCHAIN_GCC_CR\libmbed.a(semihost_api.o)
                0x0000190c                semihost_exit
 .text.semihost_connected
                0x00001924       0x10 D:\Dropbox\__Lab Dev\2016_mbed\mbed_blinky_run\mbed\TARGET_LPC1768\TOOLCHAIN_GCC_CR\libmbed.a(semihost_api.o)
                0x00001924                semihost_connected
 .text.wait_us  0x00001934       0x18 D:\Dropbox\__Lab Dev\2016_mbed\mbed_blinky_run\mbed\TARGET_LPC1768\TOOLCHAIN_GCC_CR\libmbed.a(wait_api.o)
                0x00001934                wait_us
 .text.wait     0x0000194c       0x18 D:\Dropbox\__Lab Dev\2016_mbed\mbed_blinky_run\mbed\TARGET_LPC1768\TOOLCHAIN_GCC_CR\libmbed.a(wait_api.o)
                0x0000194c                wait
 .text.wait_ms  0x00001964        0xc D:\Dropbox\__Lab Dev\2016_mbed\mbed_blinky_run\mbed\TARGET_LPC1768\TOOLCHAIN_GCC_CR\libmbed.a(wait_api.o)
                0x00001964                wait_ms
 .text.gpio_set
                0x00001970       0x30 D:\Dropbox\__Lab Dev\2016_mbed\mbed_blinky_run\mbed\TARGET_LPC1768\TOOLCHAIN_GCC_CR\libmbed.a(gpio_api.o)
                0x00001970                gpio_set
 .text.gpio_init
                0x000019a0       0x30 D:\Dropbox\__Lab Dev\2016_mbed\mbed_blinky_run\mbed\TARGET_LPC1768\TOOLCHAIN_GCC_CR\libmbed.a(gpio_api.o)
                0x000019a0                gpio_init
 .text.gpio_mode
                0x000019d0        0x8 D:\Dropbox\__Lab Dev\2016_mbed\mbed_blinky_run\mbed\TARGET_LPC1768\TOOLCHAIN_GCC_CR\libmbed.a(gpio_api.o)
                0x000019d0                gpio_mode
 .text.gpio_dir
                0x000019d8       0x44 D:\Dropbox\__Lab Dev\2016_mbed\mbed_blinky_run\mbed\TARGET_LPC1768\TOOLCHAIN_GCC_CR\libmbed.a(gpio_api.o)
                0x000019d8                gpio_dir
 .text.pin_function
                0x00001a1c       0x50 D:\Dropbox\__Lab Dev\2016_mbed\mbed_blinky_run\mbed\TARGET_LPC1768\TOOLCHAIN_GCC_CR\libmbed.a(pinmap.o)
                0x00001a1c                pin_function
 .text.pin_mode
                0x00001a6c       0x78 D:\Dropbox\__Lab Dev\2016_mbed\mbed_blinky_run\mbed\TARGET_LPC1768\TOOLCHAIN_GCC_CR\libmbed.a(pinmap.o)
                0x00001a6c                pin_mode
 .text.us_ticker_init.part.0
                0x00001ae4       0x64 D:\Dropbox\__Lab Dev\2016_mbed\mbed_blinky_run\mbed\TARGET_LPC1768\TOOLCHAIN_GCC_CR\libmbed.a(us_ticker.o)
 .text.us_ticker_init
                0x00001b48       0x10 D:\Dropbox\__Lab Dev\2016_mbed\mbed_blinky_run\mbed\TARGET_LPC1768\TOOLCHAIN_GCC_CR\libmbed.a(us_ticker.o)
                0x00001b48                us_ticker_init
 .text.us_ticker_read
                0x00001b58       0x1c D:\Dropbox\__Lab Dev\2016_mbed\mbed_blinky_run\mbed\TARGET_LPC1768\TOOLCHAIN_GCC_CR\libmbed.a(us_ticker.o)
                0x00001b58                us_ticker_read
 .text.us_ticker_set_interrupt
                0x00001b74       0x14 D:\Dropbox\__Lab Dev\2016_mbed\mbed_blinky_run\mbed\TARGET_LPC1768\TOOLCHAIN_GCC_CR\libmbed.a(us_ticker.o)
                0x00001b74                us_ticker_set_interrupt
 .text.us_ticker_disable_interrupt
                0x00001b88       0x10 D:\Dropbox\__Lab Dev\2016_mbed\mbed_blinky_run\mbed\TARGET_LPC1768\TOOLCHAIN_GCC_CR\libmbed.a(us_ticker.o)
                0x00001b88                us_ticker_disable_interrupt
 .text.us_ticker_clear_interrupt
                0x00001b98        0xc D:\Dropbox\__Lab Dev\2016_mbed\mbed_blinky_run\mbed\TARGET_LPC1768\TOOLCHAIN_GCC_CR\libmbed.a(us_ticker.o)
                0x00001b98                us_ticker_clear_interrupt
 .text._ZN4mbed8FileBaseD2Ev
                0x00001ba4       0x30 D:\Dropbox\__Lab Dev\2016_mbed\mbed_blinky_run\mbed\TARGET_LPC1768\TOOLCHAIN_GCC_CR\libmbed.a(FileBase.o)
                0x00001ba4                mbed::FileBase::~FileBase()
                0x00001ba4                mbed::FileBase::~FileBase()
 .text._ZN4mbed8FileBaseD0Ev
                0x00001bd4       0x3c D:\Dropbox\__Lab Dev\2016_mbed\mbed_blinky_run\mbed\TARGET_LPC1768\TOOLCHAIN_GCC_CR\libmbed.a(FileBase.o)
                0x00001bd4                mbed::FileBase::~FileBase()
 .text._ZN4mbed8FileBaseC2EPKcNS_8PathTypeE
                0x00001c10       0x28 D:\Dropbox\__Lab Dev\2016_mbed\mbed_blinky_run\mbed\TARGET_LPC1768\TOOLCHAIN_GCC_CR\libmbed.a(FileBase.o)
                0x00001c10                mbed::FileBase::FileBase(char const*, mbed::PathType)
                0x00001c10                mbed::FileBase::FileBase(char const*, mbed::PathType)
 .text._ZN4mbed8FileBase6lookupEPKcj
                0x00001c38       0x3c D:\Dropbox\__Lab Dev\2016_mbed\mbed_blinky_run\mbed\TARGET_LPC1768\TOOLCHAIN_GCC_CR\libmbed.a(FileBase.o)
                0x00001c38                mbed::FileBase::lookup(char const*, unsigned int)
 .text._ZN4mbed8FileBase11getPathTypeEv
                0x00001c74        0x4 D:\Dropbox\__Lab Dev\2016_mbed\mbed_blinky_run\mbed\TARGET_LPC1768\TOOLCHAIN_GCC_CR\libmbed.a(FileBase.o)
                0x00001c74                mbed::FileBase::getPathType()
 .text._ZN4mbed8FileLikeC2EPKc
                0x00001c78       0x28 D:\Dropbox\__Lab Dev\2016_mbed\mbed_blinky_run\mbed\TARGET_LPC1768\TOOLCHAIN_GCC_CR\libmbed.a(FileLike.o)
                0x00001c78                mbed::FileLike::FileLike(char const*)
                0x00001c78                mbed::FileLike::FileLike(char const*)
 .text._ZN4mbed8FileLikeD2Ev
                0x00001ca0       0x24 D:\Dropbox\__Lab Dev\2016_mbed\mbed_blinky_run\mbed\TARGET_LPC1768\TOOLCHAIN_GCC_CR\libmbed.a(FileLike.o)
                0x00001ca0                mbed::FileLike::~FileLike()
                0x00001ca0                mbed::FileLike::~FileLike()
 .text.us_ticker_irq_handler
                0x00001cc4        0xc D:\Dropbox\__Lab Dev\2016_mbed\mbed_blinky_run\mbed\TARGET_LPC1768\TOOLCHAIN_GCC_CR\libmbed.a(us_ticker_api.o)
                0x00001cc4                us_ticker_irq_handler
 .text.ticker_irq_handler
                0x00001cd0       0x4c D:\Dropbox\__Lab Dev\2016_mbed\mbed_blinky_run\mbed\TARGET_LPC1768\TOOLCHAIN_GCC_CR\libmbed.a(ticker_api.o)
                0x00001cd0                ticker_irq_handler
 .text          0x00001d1c      0x370 c:/nxp/lpcxpresso_8.0.0_526/lpcxpresso/tools/bin/../lib/gcc/arm-none-eabi/4.9.3/armv7-m\libgcc.a(_arm_addsubdf3.o)
                0x00001d1c                __aeabi_drsub
                0x00001d24                __aeabi_dsub
                0x00001d24                __subdf3
                0x00001d28                __aeabi_dadd
                0x00001d28                __adddf3
                0x00001fa0                __floatunsidf
                0x00001fa0                __aeabi_ui2d
                0x00001fc0                __floatsidf
                0x00001fc0                __aeabi_i2d
                0x00001fe4                __aeabi_f2d
                0x00001fe4                __extendsfdf2
                0x00002020                __floatundidf
                0x00002020                __aeabi_ul2d
                0x00002030                __floatdidf
                0x00002030                __aeabi_l2d
 .text          0x0000208c      0x424 c:/nxp/lpcxpresso_8.0.0_526/lpcxpresso/tools/bin/../lib/gcc/arm-none-eabi/4.9.3/armv7-m\libgcc.a(_arm_muldivdf3.o)
                0x0000208c                __aeabi_dmul
                0x0000208c                __muldf3
                0x000022e0                __divdf3
                0x000022e0                __aeabi_ddiv
 .text          0x000024b0      0x2a0 c:/nxp/lpcxpresso_8.0.0_526/lpcxpresso/tools/bin/../lib/gcc/arm-none-eabi/4.9.3/armv7-m\libgcc.a(_arm_muldivsf3.o)
                0x000024b0                __mulsf3
                0x000024b0                __aeabi_fmul
                0x00002618                __aeabi_fdiv
                0x00002618                __divsf3
 .text          0x00002750       0x4c c:/nxp/lpcxpresso_8.0.0_526/lpcxpresso/tools/bin/../lib/gcc/arm-none-eabi/4.9.3/armv7-m\libgcc.a(_arm_fixsfsi.o)
                0x00002750                __aeabi_f2iz
                0x00002750                __fixsfsi
 .text          0x0000279c       0x30 c:/nxp/lpcxpresso_8.0.0_526/lpcxpresso/tools/bin/../lib/gcc/arm-none-eabi/4.9.3/armv7-m\libgcc.a(_aeabi_uldivmod.o)
                0x0000279c                __aeabi_uldivmod
 .text          0x000027cc       0x60 c:/nxp/lpcxpresso_8.0.0_526/lpcxpresso/tools/bin/../lib/gcc/arm-none-eabi/4.9.3/armv7-m\libgcc.a(bpabi.o)
                0x000027cc                __gnu_ldivmod_helper
                0x000027fc                __gnu_uldivmod_helper
 .text          0x0000282c        0x4 c:/nxp/lpcxpresso_8.0.0_526/lpcxpresso/tools/bin/../lib/gcc/arm-none-eabi/4.9.3/armv7-m\libgcc.a(_dvmd_tls.o)
                0x0000282c                __aeabi_idiv0
                0x0000282c                __aeabi_ldiv0
 .text          0x00002830      0x2ac c:/nxp/lpcxpresso_8.0.0_526/lpcxpresso/tools/bin/../lib/gcc/arm-none-eabi/4.9.3/armv7-m\libgcc.a(_divdi3.o)
                0x00002830                __divdi3
 .text          0x00002adc      0x270 c:/nxp/lpcxpresso_8.0.0_526/lpcxpresso/tools/bin/../lib/gcc/arm-none-eabi/4.9.3/armv7-m\libgcc.a(_udivdi3.o)
                0x00002adc                __udivdi3
 .text.abs      0x00002d4c        0x8 c:/nxp/lpcxpresso_8.0.0_526/lpcxpresso/tools/bin/../lib/gcc/arm-none-eabi/4.9.3/../../../../arm-none-eabi/lib/armv7-m\libc.a(lib_a-abs.o)
                0x00002d4c                abs
 .text.__errno  0x00002d54        0xc c:/nxp/lpcxpresso_8.0.0_526/lpcxpresso/tools/bin/../lib/gcc/arm-none-eabi/4.9.3/../../../../arm-none-eabi/lib/armv7-m\libc.a(lib_a-errno.o)
                0x00002d54                __errno
 .text._fclose_r
                0x00002d60       0x84 c:/nxp/lpcxpresso_8.0.0_526/lpcxpresso/tools/bin/../lib/gcc/arm-none-eabi/4.9.3/../../../../arm-none-eabi/lib/armv7-m\libc.a(lib_a-fclose.o)
                0x00002d60                _fclose_r
 .text.fclose   0x00002de4       0x10 c:/nxp/lpcxpresso_8.0.0_526/lpcxpresso/tools/bin/../lib/gcc/arm-none-eabi/4.9.3/../../../../arm-none-eabi/lib/armv7-m\libc.a(lib_a-fclose.o)
                0x00002de4                fclose
 .text.__sflush_r
                0x00002df4      0x148 c:/nxp/lpcxpresso_8.0.0_526/lpcxpresso/tools/bin/../lib/gcc/arm-none-eabi/4.9.3/../../../../arm-none-eabi/lib/armv7-m\libc.a(lib_a-fflush.o)
                0x00002df4                __sflush_r
 .text._fflush_r
                0x00002f3c       0x2c c:/nxp/lpcxpresso_8.0.0_526/lpcxpresso/tools/bin/../lib/gcc/arm-none-eabi/4.9.3/../../../../arm-none-eabi/lib/armv7-m\libc.a(lib_a-fflush.o)
                0x00002f3c                _fflush_r
 .text.fflush   0x00002f68       0x24 c:/nxp/lpcxpresso_8.0.0_526/lpcxpresso/tools/bin/../lib/gcc/arm-none-eabi/4.9.3/../../../../arm-none-eabi/lib/armv7-m\libc.a(lib_a-fflush.o)
                0x00002f68                fflush
 .text._cleanup_r
                0x00002f8c        0xc c:/nxp/lpcxpresso_8.0.0_526/lpcxpresso/tools/bin/../lib/gcc/arm-none-eabi/4.9.3/../../../../arm-none-eabi/lib/armv7-m\libc.a(lib_a-findfp.o)
                0x00002f8c                _cleanup_r
 .text.__sinit.part.1
                0x00002f98       0xf0 c:/nxp/lpcxpresso_8.0.0_526/lpcxpresso/tools/bin/../lib/gcc/arm-none-eabi/4.9.3/../../../../arm-none-eabi/lib/armv7-m\libc.a(lib_a-findfp.o)
 .text.__sfmoreglue
                0x00003088       0x30 c:/nxp/lpcxpresso_8.0.0_526/lpcxpresso/tools/bin/../lib/gcc/arm-none-eabi/4.9.3/../../../../arm-none-eabi/lib/armv7-m\libc.a(lib_a-findfp.o)
                0x00003088                __sfmoreglue
 .text.__sfp    0x000030b8       0x88 c:/nxp/lpcxpresso_8.0.0_526/lpcxpresso/tools/bin/../lib/gcc/arm-none-eabi/4.9.3/../../../../arm-none-eabi/lib/armv7-m\libc.a(lib_a-findfp.o)
                0x000030b8                __sfp
 .text.__sinit  0x00003140        0xc c:/nxp/lpcxpresso_8.0.0_526/lpcxpresso/tools/bin/../lib/gcc/arm-none-eabi/4.9.3/../../../../arm-none-eabi/lib/armv7-m\libc.a(lib_a-findfp.o)
                0x00003140                __sinit
 .text.__sfp_lock_acquire
                0x0000314c        0x4 c:/nxp/lpcxpresso_8.0.0_526/lpcxpresso/tools/bin/../lib/gcc/arm-none-eabi/4.9.3/../../../../arm-none-eabi/lib/armv7-m\libc.a(lib_a-findfp.o)
                0x0000314c                __sfp_lock_acquire
 .text.__sfp_lock_release
                0x00003150        0x4 c:/nxp/lpcxpresso_8.0.0_526/lpcxpresso/tools/bin/../lib/gcc/arm-none-eabi/4.9.3/../../../../arm-none-eabi/lib/armv7-m\libc.a(lib_a-findfp.o)
                0x00003150                __sfp_lock_release
 .text._fopen_r
                0x00003154       0x88 c:/nxp/lpcxpresso_8.0.0_526/lpcxpresso/tools/bin/../lib/gcc/arm-none-eabi/4.9.3/../../../../arm-none-eabi/lib/armv7-m\libc.a(lib_a-fopen.o)
                0x00003154                _fopen_r
 .text.fopen    0x000031dc       0x10 c:/nxp/lpcxpresso_8.0.0_526/lpcxpresso/tools/bin/../lib/gcc/arm-none-eabi/4.9.3/../../../../arm-none-eabi/lib/armv7-m\libc.a(lib_a-fopen.o)
                0x000031dc                fopen
 .text._malloc_trim_r
                0x000031ec       0x9c c:/nxp/lpcxpresso_8.0.0_526/lpcxpresso/tools/bin/../lib/gcc/arm-none-eabi/4.9.3/../../../../arm-none-eabi/lib/armv7-m\libc.a(lib_a-freer.o)
                0x000031ec                _malloc_trim_r
 .text._free_r  0x00003288      0x1b0 c:/nxp/lpcxpresso_8.0.0_526/lpcxpresso/tools/bin/../lib/gcc/arm-none-eabi/4.9.3/../../../../arm-none-eabi/lib/armv7-m\libc.a(lib_a-freer.o)
                0x00003288                _free_r
 .text._fseek_r
                0x00003438        0x4 c:/nxp/lpcxpresso_8.0.0_526/lpcxpresso/tools/bin/../lib/gcc/arm-none-eabi/4.9.3/../../../../arm-none-eabi/lib/armv7-m\libc.a(lib_a-fseek.o)
                0x00003438                _fseek_r
 .text._fseeko_r
                0x0000343c      0x2c0 c:/nxp/lpcxpresso_8.0.0_526/lpcxpresso/tools/bin/../lib/gcc/arm-none-eabi/4.9.3/../../../../arm-none-eabi/lib/armv7-m\libc.a(lib_a-fseeko.o)
                0x0000343c                _fseeko_r
 .text._fstat_r
                0x000036fc       0x28 c:/nxp/lpcxpresso_8.0.0_526/lpcxpresso/tools/bin/../lib/gcc/arm-none-eabi/4.9.3/../../../../arm-none-eabi/lib/armv7-m\libc.a(lib_a-fstatr.o)
                0x000036fc                _fstat_r
 .text.__sfvwrite_r
                0x00003724      0x320 c:/nxp/lpcxpresso_8.0.0_526/lpcxpresso/tools/bin/../lib/gcc/arm-none-eabi/4.9.3/../../../../arm-none-eabi/lib/armv7-m\libc.a(lib_a-fvwrite.o)
                0x00003724                __sfvwrite_r
 .text._fwalk   0x00003a44       0x48 c:/nxp/lpcxpresso_8.0.0_526/lpcxpresso/tools/bin/../lib/gcc/arm-none-eabi/4.9.3/../../../../arm-none-eabi/lib/armv7-m\libc.a(lib_a-fwalk.o)
                0x00003a44                _fwalk
 .text._fwalk_reent
                0x00003a8c       0x50 c:/nxp/lpcxpresso_8.0.0_526/lpcxpresso/tools/bin/../lib/gcc/arm-none-eabi/4.9.3/../../../../arm-none-eabi/lib/armv7-m\libc.a(lib_a-fwalk.o)
                0x00003a8c                _fwalk_reent
 .text.__libc_init_array
                0x00003adc       0x50 c:/nxp/lpcxpresso_8.0.0_526/lpcxpresso/tools/bin/../lib/gcc/arm-none-eabi/4.9.3/../../../../arm-none-eabi/lib/armv7-m\libc.a(lib_a-init.o)
                0x00003adc                __libc_init_array
 .text.__smakebuf_r
                0x00003b2c       0xe0 c:/nxp/lpcxpresso_8.0.0_526/lpcxpresso/tools/bin/../lib/gcc/arm-none-eabi/4.9.3/../../../../arm-none-eabi/lib/armv7-m\libc.a(lib_a-makebuf.o)
                0x00003b2c                __smakebuf_r
 .text.malloc   0x00003c0c       0x10 c:/nxp/lpcxpresso_8.0.0_526/lpcxpresso/tools/bin/../lib/gcc/arm-none-eabi/4.9.3/../../../../arm-none-eabi/lib/armv7-m\libc.a(lib_a-malloc.o)
                0x00003c0c                malloc
 .text.free     0x00003c1c       0x10 c:/nxp/lpcxpresso_8.0.0_526/lpcxpresso/tools/bin/../lib/gcc/arm-none-eabi/4.9.3/../../../../arm-none-eabi/lib/armv7-m\libc.a(lib_a-malloc.o)
                0x00003c1c                free
 .text._malloc_r
                0x00003c2c      0x50c c:/nxp/lpcxpresso_8.0.0_526/lpcxpresso/tools/bin/../lib/gcc/arm-none-eabi/4.9.3/../../../../arm-none-eabi/lib/armv7-m\libc.a(lib_a-mallocr.o)
                0x00003c2c                _malloc_r
 .text.memchr   0x00004138       0x94 c:/nxp/lpcxpresso_8.0.0_526/lpcxpresso/tools/bin/../lib/gcc/arm-none-eabi/4.9.3/../../../../arm-none-eabi/lib/armv7-m\libc.a(lib_a-memchr.o)
                0x00004138                memchr
 .text          0x000041cc       0xec c:/nxp/lpcxpresso_8.0.0_526/lpcxpresso/tools/bin/../lib/gcc/arm-none-eabi/4.9.3/../../../../arm-none-eabi/lib/armv7-m\libc.a(lib_a-memcpy.o)
                0x000041cc                memcpy
 .text.memmove  0x000042b8       0xc8 c:/nxp/lpcxpresso_8.0.0_526/lpcxpresso/tools/bin/../lib/gcc/arm-none-eabi/4.9.3/../../../../arm-none-eabi/lib/armv7-m\libc.a(lib_a-memmove.o)
                0x000042b8                memmove
 .text.memset   0x00004380       0x9c c:/nxp/lpcxpresso_8.0.0_526/lpcxpresso/tools/bin/../lib/gcc/arm-none-eabi/4.9.3/../../../../arm-none-eabi/lib/armv7-m\libc.a(lib_a-memset.o)
                0x00004380                memset
 .text.__malloc_lock
                0x0000441c        0x4 c:/nxp/lpcxpresso_8.0.0_526/lpcxpresso/tools/bin/../lib/gcc/arm-none-eabi/4.9.3/../../../../arm-none-eabi/lib/armv7-m\libc.a(lib_a-mlock.o)
                0x0000441c                __malloc_lock
 .text.__malloc_unlock
                0x00004420        0x4 c:/nxp/lpcxpresso_8.0.0_526/lpcxpresso/tools/bin/../lib/gcc/arm-none-eabi/4.9.3/../../../../arm-none-eabi/lib/armv7-m\libc.a(lib_a-mlock.o)
                0x00004420                __malloc_unlock
 .text._open_r  0x00004424       0x28 c:/nxp/lpcxpresso_8.0.0_526/lpcxpresso/tools/bin/../lib/gcc/arm-none-eabi/4.9.3/../../../../arm-none-eabi/lib/armv7-m\libc.a(lib_a-openr.o)
                0x00004424                _open_r
 .text._realloc_r
                0x0000444c      0x3e0 c:/nxp/lpcxpresso_8.0.0_526/lpcxpresso/tools/bin/../lib/gcc/arm-none-eabi/4.9.3/../../../../arm-none-eabi/lib/armv7-m\libc.a(lib_a-reallocr.o)
                0x0000444c                _realloc_r
 .text.lflush   0x0000482c       0x14 c:/nxp/lpcxpresso_8.0.0_526/lpcxpresso/tools/bin/../lib/gcc/arm-none-eabi/4.9.3/../../../../arm-none-eabi/lib/armv7-m\libc.a(lib_a-refill.o)
 .text.__srefill_r
                0x00004840      0x110 c:/nxp/lpcxpresso_8.0.0_526/lpcxpresso/tools/bin/../lib/gcc/arm-none-eabi/4.9.3/../../../../arm-none-eabi/lib/armv7-m\libc.a(lib_a-refill.o)
                0x00004840                __srefill_r
 .text._sbrk_r  0x00004950       0x24 c:/nxp/lpcxpresso_8.0.0_526/lpcxpresso/tools/bin/../lib/gcc/arm-none-eabi/4.9.3/../../../../arm-none-eabi/lib/armv7-m\libc.a(lib_a-sbrkr.o)
                0x00004950                _sbrk_r
 .text.setbuf   0x00004974       0x10 c:/nxp/lpcxpresso_8.0.0_526/lpcxpresso/tools/bin/../lib/gcc/arm-none-eabi/4.9.3/../../../../arm-none-eabi/lib/armv7-m\libc.a(lib_a-setbuf.o)
                0x00004974                setbuf
 .text.setvbuf  0x00004984       0xf8 c:/nxp/lpcxpresso_8.0.0_526/lpcxpresso/tools/bin/../lib/gcc/arm-none-eabi/4.9.3/../../../../arm-none-eabi/lib/armv7-m\libc.a(lib_a-setvbuf.o)
                0x00004984                setvbuf
 .text.sprintf  0x00004a7c       0x4c c:/nxp/lpcxpresso_8.0.0_526/lpcxpresso/tools/bin/../lib/gcc/arm-none-eabi/4.9.3/../../../../arm-none-eabi/lib/armv7-m\libc.a(lib_a-sprintf.o)
                0x00004a7c                sprintf
 .text.sscanf   0x00004ac8       0x58 c:/nxp/lpcxpresso_8.0.0_526/lpcxpresso/tools/bin/../lib/gcc/arm-none-eabi/4.9.3/../../../../arm-none-eabi/lib/armv7-m\libc.a(lib_a-sscanf.o)
                0x00004ac8                sscanf
 .text.__sread  0x00004b20       0x24 c:/nxp/lpcxpresso_8.0.0_526/lpcxpresso/tools/bin/../lib/gcc/arm-none-eabi/4.9.3/../../../../arm-none-eabi/lib/armv7-m\libc.a(lib_a-stdio.o)
                0x00004b20                __sread
 .text.__seofread
                0x00004b44        0x4 c:/nxp/lpcxpresso_8.0.0_526/lpcxpresso/tools/bin/../lib/gcc/arm-none-eabi/4.9.3/../../../../arm-none-eabi/lib/armv7-m\libc.a(lib_a-stdio.o)
                0x00004b44                __seofread
 .text.__swrite
                0x00004b48       0x38 c:/nxp/lpcxpresso_8.0.0_526/lpcxpresso/tools/bin/../lib/gcc/arm-none-eabi/4.9.3/../../../../arm-none-eabi/lib/armv7-m\libc.a(lib_a-stdio.o)
                0x00004b48                __swrite
 .text.__sseek  0x00004b80       0x20 c:/nxp/lpcxpresso_8.0.0_526/lpcxpresso/tools/bin/../lib/gcc/arm-none-eabi/4.9.3/../../../../arm-none-eabi/lib/armv7-m\libc.a(lib_a-stdio.o)
                0x00004b80                __sseek
 .text.__sclose
                0x00004ba0        0x8 c:/nxp/lpcxpresso_8.0.0_526/lpcxpresso/tools/bin/../lib/gcc/arm-none-eabi/4.9.3/../../../../arm-none-eabi/lib/armv7-m\libc.a(lib_a-stdio.o)
                0x00004ba0                __sclose
 .text          0x00004ba8      0x1bc c:/nxp/lpcxpresso_8.0.0_526/lpcxpresso/tools/bin/../lib/gcc/arm-none-eabi/4.9.3/../../../../arm-none-eabi/lib/armv7-m\libc.a(lib_a-strcmp.o)
                0x00004ba8                strcmp
 .text.strlen   0x00004d64       0x5c c:/nxp/lpcxpresso_8.0.0_526/lpcxpresso/tools/bin/../lib/gcc/arm-none-eabi/4.9.3/../../../../arm-none-eabi/lib/armv7-m\libc.a(lib_a-strlen.o)
                0x00004d64                strlen
 .text.strncmp  0x00004dc0       0x94 c:/nxp/lpcxpresso_8.0.0_526/lpcxpresso/tools/bin/../lib/gcc/arm-none-eabi/4.9.3/../../../../arm-none-eabi/lib/armv7-m\libc.a(lib_a-strncmp.o)
                0x00004dc0                strncmp
 .text._svfprintf_r
                0x00004e54     0x14f4 c:/nxp/lpcxpresso_8.0.0_526/lpcxpresso/tools/bin/../lib/gcc/arm-none-eabi/4.9.3/../../../../arm-none-eabi/lib/armv7-m\libc.a(lib_a-svfprintf.o)
                0x00004e54                _svfprintf_r
 .text.__ssvfscanf_r
                0x00006348      0xdf4 c:/nxp/lpcxpresso_8.0.0_526/lpcxpresso/tools/bin/../lib/gcc/arm-none-eabi/4.9.3/../../../../arm-none-eabi/lib/armv7-m\libc.a(lib_a-svfscanf.o)
                0x00006348                __ssvfscanf_r
 .text._vfprintf_r
                0x0000713c     0x1448 c:/nxp/lpcxpresso_8.0.0_526/lpcxpresso/tools/bin/../lib/gcc/arm-none-eabi/4.9.3/../../../../arm-none-eabi/lib/armv7-m\libc.a(lib_a-vfprintf.o)
                0x0000713c                _vfprintf_r
 .text.vfprintf
                0x00008584       0x18 c:/nxp/lpcxpresso_8.0.0_526/lpcxpresso/tools/bin/../lib/gcc/arm-none-eabi/4.9.3/../../../../arm-none-eabi/lib/armv7-m\libc.a(lib_a-vfprintf.o)
                0x00008584                vfprintf
 .text.__sbprintf
                0x0000859c       0x7c c:/nxp/lpcxpresso_8.0.0_526/lpcxpresso/tools/bin/../lib/gcc/arm-none-eabi/4.9.3/../../../../arm-none-eabi/lib/armv7-m\libc.a(lib_a-vfprintf.o)
 .text.__swbuf_r
                0x00008618       0xa8 c:/nxp/lpcxpresso_8.0.0_526/lpcxpresso/tools/bin/../lib/gcc/arm-none-eabi/4.9.3/../../../../arm-none-eabi/lib/armv7-m\libc.a(lib_a-wbuf.o)
                0x00008618                __swbuf_r
 .text._write_r
                0x000086c0       0x28 c:/nxp/lpcxpresso_8.0.0_526/lpcxpresso/tools/bin/../lib/gcc/arm-none-eabi/4.9.3/../../../../arm-none-eabi/lib/armv7-m\libc.a(lib_a-writer.o)
                0x000086c0                _write_r
 .text.__swsetup_r
                0x000086e8       0xc4 c:/nxp/lpcxpresso_8.0.0_526/lpcxpresso/tools/bin/../lib/gcc/arm-none-eabi/4.9.3/../../../../arm-none-eabi/lib/armv7-m\libc.a(lib_a-wsetup.o)
                0x000086e8                __swsetup_r
 .text._close_r
                0x000087ac       0x24 c:/nxp/lpcxpresso_8.0.0_526/lpcxpresso/tools/bin/../lib/gcc/arm-none-eabi/4.9.3/../../../../arm-none-eabi/lib/armv7-m\libc.a(lib_a-closer.o)
                0x000087ac                _close_r
 .text.quorem   0x000087d0      0x130 c:/nxp/lpcxpresso_8.0.0_526/lpcxpresso/tools/bin/../lib/gcc/arm-none-eabi/4.9.3/../../../../arm-none-eabi/lib/armv7-m\libc.a(lib_a-dtoa.o)
 .text._dtoa_r  0x00008900      0xea4 c:/nxp/lpcxpresso_8.0.0_526/lpcxpresso/tools/bin/../lib/gcc/arm-none-eabi/4.9.3/../../../../arm-none-eabi/lib/armv7-m\libc.a(lib_a-dtoa.o)
                0x00008900                _dtoa_r
 .text.__sflags
                0x000097a4       0x74 c:/nxp/lpcxpresso_8.0.0_526/lpcxpresso/tools/bin/../lib/gcc/arm-none-eabi/4.9.3/../../../../arm-none-eabi/lib/armv7-m\libc.a(lib_a-flags.o)
                0x000097a4                __sflags
 .text._isatty_r
                0x00009818       0x24 c:/nxp/lpcxpresso_8.0.0_526/lpcxpresso/tools/bin/../lib/gcc/arm-none-eabi/4.9.3/../../../../arm-none-eabi/lib/armv7-m\libc.a(lib_a-isattyr.o)
                0x00009818                _isatty_r
 .text.iswspace
                0x0000983c       0x1c c:/nxp/lpcxpresso_8.0.0_526/lpcxpresso/tools/bin/../lib/gcc/arm-none-eabi/4.9.3/../../../../arm-none-eabi/lib/armv7-m\libc.a(lib_a-iswspace.o)
                0x0000983c                iswspace
 .text.__locale_charset
                0x00009858        0x8 c:/nxp/lpcxpresso_8.0.0_526/lpcxpresso/tools/bin/../lib/gcc/arm-none-eabi/4.9.3/../../../../arm-none-eabi/lib/armv7-m\libc.a(lib_a-locale.o)
                0x00009858                __locale_charset
 .text.__locale_mb_cur_max
                0x00009860        0xc c:/nxp/lpcxpresso_8.0.0_526/lpcxpresso/tools/bin/../lib/gcc/arm-none-eabi/4.9.3/../../../../arm-none-eabi/lib/armv7-m\libc.a(lib_a-locale.o)
                0x00009860                __locale_mb_cur_max
 .text._localeconv_r
                0x0000986c        0x8 c:/nxp/lpcxpresso_8.0.0_526/lpcxpresso/tools/bin/../lib/gcc/arm-none-eabi/4.9.3/../../../../arm-none-eabi/lib/armv7-m\libc.a(lib_a-locale.o)
                0x0000986c                _localeconv_r
 .text._lseek_r
                0x00009874       0x28 c:/nxp/lpcxpresso_8.0.0_526/lpcxpresso/tools/bin/../lib/gcc/arm-none-eabi/4.9.3/../../../../arm-none-eabi/lib/armv7-m\libc.a(lib_a-lseekr.o)
                0x00009874                _lseek_r
 .text._mbrtowc_r
                0x0000989c       0x5c c:/nxp/lpcxpresso_8.0.0_526/lpcxpresso/tools/bin/../lib/gcc/arm-none-eabi/4.9.3/../../../../arm-none-eabi/lib/armv7-m\libc.a(lib_a-mbrtowc.o)
                0x0000989c                _mbrtowc_r
 .text.__ascii_mbtowc
                0x000098f8       0x2c c:/nxp/lpcxpresso_8.0.0_526/lpcxpresso/tools/bin/../lib/gcc/arm-none-eabi/4.9.3/../../../../arm-none-eabi/lib/armv7-m\libc.a(lib_a-mbtowc_r.o)
                0x000098f8                __ascii_mbtowc
 .text._Balloc  0x00009924       0x50 c:/nxp/lpcxpresso_8.0.0_526/lpcxpresso/tools/bin/../lib/gcc/arm-none-eabi/4.9.3/../../../../arm-none-eabi/lib/armv7-m\libc.a(lib_a-mprec.o)
                0x00009924                _Balloc
 .text._Bfree   0x00009974       0x14 c:/nxp/lpcxpresso_8.0.0_526/lpcxpresso/tools/bin/../lib/gcc/arm-none-eabi/4.9.3/../../../../arm-none-eabi/lib/armv7-m\libc.a(lib_a-mprec.o)
                0x00009974                _Bfree
 .text.__multadd
                0x00009988       0x84 c:/nxp/lpcxpresso_8.0.0_526/lpcxpresso/tools/bin/../lib/gcc/arm-none-eabi/4.9.3/../../../../arm-none-eabi/lib/armv7-m\libc.a(lib_a-mprec.o)
                0x00009988                __multadd
 .text.__s2b    0x00009a0c       0x98 c:/nxp/lpcxpresso_8.0.0_526/lpcxpresso/tools/bin/../lib/gcc/arm-none-eabi/4.9.3/../../../../arm-none-eabi/lib/armv7-m\libc.a(lib_a-mprec.o)
                0x00009a0c                __s2b
 .text.__hi0bits
                0x00009aa4       0x40 c:/nxp/lpcxpresso_8.0.0_526/lpcxpresso/tools/bin/../lib/gcc/arm-none-eabi/4.9.3/../../../../arm-none-eabi/lib/armv7-m\libc.a(lib_a-mprec.o)
                0x00009aa4                __hi0bits
 .text.__lo0bits
                0x00009ae4       0x5c c:/nxp/lpcxpresso_8.0.0_526/lpcxpresso/tools/bin/../lib/gcc/arm-none-eabi/4.9.3/../../../../arm-none-eabi/lib/armv7-m\libc.a(lib_a-mprec.o)
                0x00009ae4                __lo0bits
 .text.__i2b    0x00009b40       0x14 c:/nxp/lpcxpresso_8.0.0_526/lpcxpresso/tools/bin/../lib/gcc/arm-none-eabi/4.9.3/../../../../arm-none-eabi/lib/armv7-m\libc.a(lib_a-mprec.o)
                0x00009b40                __i2b
 .text.__multiply
                0x00009b54      0x140 c:/nxp/lpcxpresso_8.0.0_526/lpcxpresso/tools/bin/../lib/gcc/arm-none-eabi/4.9.3/../../../../arm-none-eabi/lib/armv7-m\libc.a(lib_a-mprec.o)
                0x00009b54                __multiply
 .text.__pow5mult
                0x00009c94       0xa0 c:/nxp/lpcxpresso_8.0.0_526/lpcxpresso/tools/bin/../lib/gcc/arm-none-eabi/4.9.3/../../../../arm-none-eabi/lib/armv7-m\libc.a(lib_a-mprec.o)
                0x00009c94                __pow5mult
 .text.__lshift
                0x00009d34       0xb0 c:/nxp/lpcxpresso_8.0.0_526/lpcxpresso/tools/bin/../lib/gcc/arm-none-eabi/4.9.3/../../../../arm-none-eabi/lib/armv7-m\libc.a(lib_a-mprec.o)
                0x00009d34                __lshift
 .text.__mcmp   0x00009de4       0x48 c:/nxp/lpcxpresso_8.0.0_526/lpcxpresso/tools/bin/../lib/gcc/arm-none-eabi/4.9.3/../../../../arm-none-eabi/lib/armv7-m\libc.a(lib_a-mprec.o)
                0x00009de4                __mcmp
 .text.__mdiff  0x00009e2c       0xe4 c:/nxp/lpcxpresso_8.0.0_526/lpcxpresso/tools/bin/../lib/gcc/arm-none-eabi/4.9.3/../../../../arm-none-eabi/lib/armv7-m\libc.a(lib_a-mprec.o)
                0x00009e2c                __mdiff
 .text.__ulp    0x00009f10       0x44 c:/nxp/lpcxpresso_8.0.0_526/lpcxpresso/tools/bin/../lib/gcc/arm-none-eabi/4.9.3/../../../../arm-none-eabi/lib/armv7-m\libc.a(lib_a-mprec.o)
                0x00009f10                __ulp
 .text.__b2d    0x00009f54       0xd0 c:/nxp/lpcxpresso_8.0.0_526/lpcxpresso/tools/bin/../lib/gcc/arm-none-eabi/4.9.3/../../../../arm-none-eabi/lib/armv7-m\libc.a(lib_a-mprec.o)
                0x00009f54                __b2d
 .text.__d2b    0x0000a024       0xa8 c:/nxp/lpcxpresso_8.0.0_526/lpcxpresso/tools/bin/../lib/gcc/arm-none-eabi/4.9.3/../../../../arm-none-eabi/lib/armv7-m\libc.a(lib_a-mprec.o)
                0x0000a024                __d2b
 .text.__ratio  0x0000a0cc       0x58 c:/nxp/lpcxpresso_8.0.0_526/lpcxpresso/tools/bin/../lib/gcc/arm-none-eabi/4.9.3/../../../../arm-none-eabi/lib/armv7-m\libc.a(lib_a-mprec.o)
                0x0000a0cc                __ratio
 .text.__copybits
                0x0000a124       0x48 c:/nxp/lpcxpresso_8.0.0_526/lpcxpresso/tools/bin/../lib/gcc/arm-none-eabi/4.9.3/../../../../arm-none-eabi/lib/armv7-m\libc.a(lib_a-mprec.o)
                0x0000a124                __copybits
 .text.__any_on
                0x0000a16c       0x5c c:/nxp/lpcxpresso_8.0.0_526/lpcxpresso/tools/bin/../lib/gcc/arm-none-eabi/4.9.3/../../../../arm-none-eabi/lib/armv7-m\libc.a(lib_a-mprec.o)
                0x0000a16c                __any_on
 .text._read_r  0x0000a1c8       0x28 c:/nxp/lpcxpresso_8.0.0_526/lpcxpresso/tools/bin/../lib/gcc/arm-none-eabi/4.9.3/../../../../arm-none-eabi/lib/armv7-m\libc.a(lib_a-readr.o)
                0x0000a1c8                _read_r
 .text.__fpclassifyd
                0x0000a1f0       0x58 c:/nxp/lpcxpresso_8.0.0_526/lpcxpresso/tools/bin/../lib/gcc/arm-none-eabi/4.9.3/../../../../arm-none-eabi/lib/armv7-m\libc.a(lib_a-s_fpclassify.o)
                0x0000a1f0                __fpclassifyd
 .text.__sccl   0x0000a248       0x78 c:/nxp/lpcxpresso_8.0.0_526/lpcxpresso/tools/bin/../lib/gcc/arm-none-eabi/4.9.3/../../../../arm-none-eabi/lib/armv7-m\libc.a(lib_a-sccl.o)
                0x0000a248                __sccl
 .text.nanf     0x0000a2c0        0x8 c:/nxp/lpcxpresso_8.0.0_526/lpcxpresso/tools/bin/../lib/gcc/arm-none-eabi/4.9.3/../../../../arm-none-eabi/lib/armv7-m\libc.a(lib_a-sf_nan.o)
                0x0000a2c0                nanf
 .text.sulp     0x0000a2c8       0x44 c:/nxp/lpcxpresso_8.0.0_526/lpcxpresso/tools/bin/../lib/gcc/arm-none-eabi/4.9.3/../../../../arm-none-eabi/lib/armv7-m\libc.a(lib_a-strtod.o)
 *fill*         0x0000a30c        0x4 
 .text._strtod_r
                0x0000a310      0xf30 c:/nxp/lpcxpresso_8.0.0_526/lpcxpresso/tools/bin/../lib/gcc/arm-none-eabi/4.9.3/../../../../arm-none-eabi/lib/armv7-m\libc.a(lib_a-strtod.o)
                0x0000a310                _strtod_r
 .text._strtol_r
                0x0000b240      0x11c c:/nxp/lpcxpresso_8.0.0_526/lpcxpresso/tools/bin/../lib/gcc/arm-none-eabi/4.9.3/../../../../arm-none-eabi/lib/armv7-m\libc.a(lib_a-strtol.o)
                0x0000b240                _strtol_r
 .text._strtoll_r
                0x0000b35c      0x1cc c:/nxp/lpcxpresso_8.0.0_526/lpcxpresso/tools/bin/../lib/gcc/arm-none-eabi/4.9.3/../../../../arm-none-eabi/lib/armv7-m\libc.a(lib_a-strtoll_r.o)
                0x0000b35c                _strtoll_r
 .text._strtoul_r
                0x0000b528      0x134 c:/nxp/lpcxpresso_8.0.0_526/lpcxpresso/tools/bin/../lib/gcc/arm-none-eabi/4.9.3/../../../../arm-none-eabi/lib/armv7-m\libc.a(lib_a-strtoul.o)
                0x0000b528                _strtoul_r
 .text._strtoull_r
                0x0000b65c      0x1e8 c:/nxp/lpcxpresso_8.0.0_526/lpcxpresso/tools/bin/../lib/gcc/arm-none-eabi/4.9.3/../../../../arm-none-eabi/lib/armv7-m\libc.a(lib_a-strtoull_r.o)
                0x0000b65c                _strtoull_r
 .text.__ssprint_r
                0x0000b844      0x104 c:/nxp/lpcxpresso_8.0.0_526/lpcxpresso/tools/bin/../lib/gcc/arm-none-eabi/4.9.3/../../../../arm-none-eabi/lib/armv7-m\libc.a(lib_a-svfiprintf.o)
                0x0000b844                __ssprint_r
 .text._sungetc_r
                0x0000b948       0x88 c:/nxp/lpcxpresso_8.0.0_526/lpcxpresso/tools/bin/../lib/gcc/arm-none-eabi/4.9.3/../../../../arm-none-eabi/lib/armv7-m\libc.a(lib_a-svfiscanf.o)
                0x0000b948                _sungetc_r
 .text.__ssrefill_r
                0x0000b9d0       0x3c c:/nxp/lpcxpresso_8.0.0_526/lpcxpresso/tools/bin/../lib/gcc/arm-none-eabi/4.9.3/../../../../arm-none-eabi/lib/armv7-m\libc.a(lib_a-svfiscanf.o)
                0x0000b9d0                __ssrefill_r
 .text._sfread_r
                0x0000ba0c       0x80 c:/nxp/lpcxpresso_8.0.0_526/lpcxpresso/tools/bin/../lib/gcc/arm-none-eabi/4.9.3/../../../../arm-none-eabi/lib/armv7-m\libc.a(lib_a-svfiscanf.o)
                0x0000ba0c                _sfread_r
 .text.__submore
                0x0000ba8c       0x7c c:/nxp/lpcxpresso_8.0.0_526/lpcxpresso/tools/bin/../lib/gcc/arm-none-eabi/4.9.3/../../../../arm-none-eabi/lib/armv7-m\libc.a(lib_a-ungetc.o)
                0x0000ba8c                __submore
 .text.__sprint_r.part.0
                0x0000bb08       0x78 c:/nxp/lpcxpresso_8.0.0_526/lpcxpresso/tools/bin/../lib/gcc/arm-none-eabi/4.9.3/../../../../arm-none-eabi/lib/armv7-m\libc.a(lib_a-vfiprintf.o)
 .text.__sprint_r
                0x0000bb80       0x18 c:/nxp/lpcxpresso_8.0.0_526/lpcxpresso/tools/bin/../lib/gcc/arm-none-eabi/4.9.3/../../../../arm-none-eabi/lib/armv7-m\libc.a(lib_a-vfiprintf.o)
                0x0000bb80                __sprint_r
 .text._calloc_r
                0x0000bb98       0x60 c:/nxp/lpcxpresso_8.0.0_526/lpcxpresso/tools/bin/../lib/gcc/arm-none-eabi/4.9.3/../../../../arm-none-eabi/lib/armv7-m\libc.a(lib_a-callocr.o)
                0x0000bb98                _calloc_r
 .text.__fputwc
                0x0000bbf8       0xb0 c:/nxp/lpcxpresso_8.0.0_526/lpcxpresso/tools/bin/../lib/gcc/arm-none-eabi/4.9.3/../../../../arm-none-eabi/lib/armv7-m\libc.a(lib_a-fputwc.o)
                0x0000bbf8                __fputwc
 .text._fputwc_r
                0x0000bca8       0x24 c:/nxp/lpcxpresso_8.0.0_526/lpcxpresso/tools/bin/../lib/gcc/arm-none-eabi/4.9.3/../../../../arm-none-eabi/lib/armv7-m\libc.a(lib_a-fputwc.o)
                0x0000bca8                _fputwc_r
 .text.rshift   0x0000bccc       0xa0 c:/nxp/lpcxpresso_8.0.0_526/lpcxpresso/tools/bin/../lib/gcc/arm-none-eabi/4.9.3/../../../../arm-none-eabi/lib/armv7-m\libc.a(lib_a-gdtoa-gethex.o)
 .text.__gethex
                0x0000bd6c      0x514 c:/nxp/lpcxpresso_8.0.0_526/lpcxpresso/tools/bin/../lib/gcc/arm-none-eabi/4.9.3/../../../../arm-none-eabi/lib/armv7-m\libc.a(lib_a-gdtoa-gethex.o)
                0x0000bd6c                __gethex
 .text.__hexnan
                0x0000c280      0x184 c:/nxp/lpcxpresso_8.0.0_526/lpcxpresso/tools/bin/../lib/gcc/arm-none-eabi/4.9.3/../../../../arm-none-eabi/lib/armv7-m\libc.a(lib_a-gdtoa-hexnan.o)
                0x0000c280                __hexnan
 .text._wcrtomb_r
                0x0000c404       0x54 c:/nxp/lpcxpresso_8.0.0_526/lpcxpresso/tools/bin/../lib/gcc/arm-none-eabi/4.9.3/../../../../arm-none-eabi/lib/armv7-m\libc.a(lib_a-wcrtomb.o)
                0x0000c404                _wcrtomb_r
 .text.__ascii_wctomb
                0x0000c458       0x1c c:/nxp/lpcxpresso_8.0.0_526/lpcxpresso/tools/bin/../lib/gcc/arm-none-eabi/4.9.3/../../../../arm-none-eabi/lib/armv7-m\libc.a(lib_a-wctomb_r.o)
                0x0000c458                __ascii_wctomb
 .text._sbrk    0x0000c474       0x3c c:/nxp/lpcxpresso_8.0.0_526/lpcxpresso/tools/bin/../lib/gcc/arm-none-eabi/4.9.3/../../../../arm-none-eabi/lib/armv7-m\libcr_newlib_nohost.a(_cr_sbrk.o)
                0x0000c474                _sbrk
 .text.__check_heap_overflow
                0x0000c4b0       0x18 c:/nxp/lpcxpresso_8.0.0_526/lpcxpresso/tools/bin/../lib/gcc/arm-none-eabi/4.9.3/../../../../arm-none-eabi/lib/armv7-m\libcr_newlib_nohost.a(_cr_check_heap.o)
                0x0000c4b0                __check_heap_overflow
 .text          0x0000c4c8       0x5c c:/nxp/lpcxpresso_8.0.0_526/lpcxpresso/tools/bin/../lib/gcc/arm-none-eabi/4.9.3/armv7-m\crtbegin.o
 .text          0x0000c524      0x110 c:/nxp/lpcxpresso_8.0.0_526/lpcxpresso/tools/bin/../lib/gcc/arm-none-eabi/4.9.3/armv7-m\libgcc.a(_arm_cmpdf2.o)
                0x0000c524                __gtdf2
                0x0000c524                __gedf2
                0x0000c52c                __ltdf2
                0x0000c52c                __ledf2
                0x0000c534                __nedf2
                0x0000c534                __eqdf2
                0x0000c534                __cmpdf2
                0x0000c5b0                __aeabi_cdrcmple
                0x0000c5c0                __aeabi_cdcmpeq
                0x0000c5c0                __aeabi_cdcmple
                0x0000c5d0                __aeabi_dcmpeq
                0x0000c5e4                __aeabi_dcmplt
                0x0000c5f8                __aeabi_dcmple
                0x0000c60c                __aeabi_dcmpge
                0x0000c620                __aeabi_dcmpgt
 .text          0x0000c634       0x50 c:/nxp/lpcxpresso_8.0.0_526/lpcxpresso/tools/bin/../lib/gcc/arm-none-eabi/4.9.3/armv7-m\libgcc.a(_arm_fixdfsi.o)
                0x0000c634                __aeabi_d2iz
                0x0000c634                __fixdfsi
 .text          0x0000c684       0x40 c:/nxp/lpcxpresso_8.0.0_526/lpcxpresso/tools/bin/../lib/gcc/arm-none-eabi/4.9.3/armv7-m\libgcc.a(_arm_fixunsdfsi.o)
                0x0000c684                __aeabi_d2uiz
                0x0000c684                __fixunsdfsi
 .text          0x0000c6c4       0xa0 c:/nxp/lpcxpresso_8.0.0_526/lpcxpresso/tools/bin/../lib/gcc/arm-none-eabi/4.9.3/armv7-m\libgcc.a(_arm_truncdfsf2.o)
                0x0000c6c4                __truncdfsf2
                0x0000c6c4                __aeabi_d2f
 *(.rodata .rodata.*)
 .rodata        0x0000c764       0x98 ./main.o
 *fill*         0x0000c7fc        0x4 
 .rodata._ZTVN4mbed10SerialBaseE
                0x0000c800       0x10 ./main.o
                0x0000c800                vtable for mbed::SerialBase
 .rodata.str1.4
                0x0000c810       0x85 D:/Dropbox/__Lab Dev/2016_mbed/mbed_blinky_run/mbed/TARGET_LPC1768/TOOLCHAIN_GCC_CR/board.o
                                 0x88 (size before relaxing)
 *fill*         0x0000c895        0x3 
 .rodata.__stdin_name
                0x0000c898        0x8 D:/Dropbox/__Lab Dev/2016_mbed/mbed_blinky_run/mbed/TARGET_LPC1768/TOOLCHAIN_GCC_CR/retarget.o
                0x0000c898                __stdin_name
 .rodata.__stderr_name
                0x0000c8a0        0x8 D:/Dropbox/__Lab Dev/2016_mbed/mbed_blinky_run/mbed/TARGET_LPC1768/TOOLCHAIN_GCC_CR/retarget.o
                0x0000c8a0                __stderr_name
 .rodata.__stdout_name
                0x0000c8a8        0x8 D:/Dropbox/__Lab Dev/2016_mbed/mbed_blinky_run/mbed/TARGET_LPC1768/TOOLCHAIN_GCC_CR/retarget.o
                0x0000c8a8                __stdout_name
 .rodata._ZTVN4mbed10FileHandleE
                0x0000c8b0       0x30 D:/Dropbox/__Lab Dev/2016_mbed/mbed_blinky_run/mbed/TARGET_LPC1768/TOOLCHAIN_GCC_CR/retarget.o
                0x0000c8b0                vtable for mbed::FileHandle
 .rodata.str1.4
                0x0000c8e0        0xe D:/Dropbox/__Lab Dev/2016_mbed/mbed_blinky_run/mbed/TARGET_LPC1768/TOOLCHAIN_GCC_CR/retarget.o
                                 0x10 (size before relaxing)
 *fill*         0x0000c8ee        0x2 
 .rodata.str1.4
                0x0000c8f0       0x7b D:\Dropbox\__Lab Dev\2016_mbed\mbed_blinky_run\mbed\TARGET_LPC1768\TOOLCHAIN_GCC_CR\libmbed.a(analogin_api.o)
                                 0x7c (size before relaxing)
 *fill*         0x0000c96b        0x1 
 .rodata.PinMap_ADC
                0x0000c96c       0x6c D:\Dropbox\__Lab Dev\2016_mbed\mbed_blinky_run\mbed\TARGET_LPC1768\TOOLCHAIN_GCC_CR\libmbed.a(analogin_api.o)
 .rodata.PinMap_UART_RTS
                0x0000c9d8       0x24 D:\Dropbox\__Lab Dev\2016_mbed\mbed_blinky_run\mbed\TARGET_LPC1768\TOOLCHAIN_GCC_CR\libmbed.a(serial_api.o)
 .rodata.CSWTCH.24
                0x0000c9fc       0x10 D:\Dropbox\__Lab Dev\2016_mbed\mbed_blinky_run\mbed\TARGET_LPC1768\TOOLCHAIN_GCC_CR\libmbed.a(serial_api.o)
 .rodata.PinMap_UART_RX
                0x0000ca0c       0x6c D:\Dropbox\__Lab Dev\2016_mbed\mbed_blinky_run\mbed\TARGET_LPC1768\TOOLCHAIN_GCC_CR\libmbed.a(serial_api.o)
 .rodata.str1.4
                0x0000ca78      0x160 D:\Dropbox\__Lab Dev\2016_mbed\mbed_blinky_run\mbed\TARGET_LPC1768\TOOLCHAIN_GCC_CR\libmbed.a(serial_api.o)
 .rodata.PinMap_UART_TX
                0x0000cbd8       0x6c D:\Dropbox\__Lab Dev\2016_mbed\mbed_blinky_run\mbed\TARGET_LPC1768\TOOLCHAIN_GCC_CR\libmbed.a(serial_api.o)
 .rodata.PinMap_UART_CTS
                0x0000cc44       0x24 D:\Dropbox\__Lab Dev\2016_mbed\mbed_blinky_run\mbed\TARGET_LPC1768\TOOLCHAIN_GCC_CR\libmbed.a(serial_api.o)
 .rodata._ZTVN4mbed6SerialE
                0x0000cc68       0x60 D:\Dropbox\__Lab Dev\2016_mbed\mbed_blinky_run\mbed\TARGET_LPC1768\TOOLCHAIN_GCC_CR\libmbed.a(Serial.o)
                0x0000cc68                vtable for mbed::Serial
 .rodata._ZTVN4mbed6StreamE
                0x0000ccc8       0x48 D:\Dropbox\__Lab Dev\2016_mbed\mbed_blinky_run\mbed\TARGET_LPC1768\TOOLCHAIN_GCC_CR\libmbed.a(Stream.o)
                0x0000ccc8                vtable for mbed::Stream
 .rodata.str1.4
                0x0000cd10        0x3 D:\Dropbox\__Lab Dev\2016_mbed\mbed_blinky_run\mbed\TARGET_LPC1768\TOOLCHAIN_GCC_CR\libmbed.a(Stream.o)
                                  0x8 (size before relaxing)
 *fill*         0x0000cd13        0x1 
 .rodata.str1.4
                0x0000cd14       0x31 D:\Dropbox\__Lab Dev\2016_mbed\mbed_blinky_run\mbed\TARGET_LPC1768\TOOLCHAIN_GCC_CR\libmbed.a(assert.o)
                                 0x34 (size before relaxing)
 .rodata.str1.4
                0x00000000       0x88 D:\Dropbox\__Lab Dev\2016_mbed\mbed_blinky_run\mbed\TARGET_LPC1768\TOOLCHAIN_GCC_CR\libmbed.a(gpio.o)
 *fill*         0x0000cd45        0x3 
 .rodata.str1.4
                0x0000cd48       0x66 D:\Dropbox\__Lab Dev\2016_mbed\mbed_blinky_run\mbed\TARGET_LPC1768\TOOLCHAIN_GCC_CR\libmbed.a(pinmap_common.o)
                                 0x68 (size before relaxing)
 *fill*         0x0000cdae        0x2 
 .rodata.str1.4
                0x0000cdb0       0x73 D:\Dropbox\__Lab Dev\2016_mbed\mbed_blinky_run\mbed\TARGET_LPC1768\TOOLCHAIN_GCC_CR\libmbed.a(gpio_api.o)
                                 0x8c (size before relaxing)
 *fill*         0x0000ce23        0x1 
 .rodata.str1.4
                0x0000ce24       0x5d D:\Dropbox\__Lab Dev\2016_mbed\mbed_blinky_run\mbed\TARGET_LPC1768\TOOLCHAIN_GCC_CR\libmbed.a(pinmap.o)
                                 0x74 (size before relaxing)
 *fill*         0x0000ce81        0x7 
 .rodata._ZTVN4mbed8FileBaseE
                0x0000ce88       0x10 D:\Dropbox\__Lab Dev\2016_mbed\mbed_blinky_run\mbed\TARGET_LPC1768\TOOLCHAIN_GCC_CR\libmbed.a(FileBase.o)
                0x0000ce88                vtable for mbed::FileBase
 .rodata._ZTVN4mbed8FileLikeE
                0x0000ce98       0x40 D:\Dropbox\__Lab Dev\2016_mbed\mbed_blinky_run\mbed\TARGET_LPC1768\TOOLCHAIN_GCC_CR\libmbed.a(FileLike.o)
                0x0000ce98                vtable for mbed::FileLike
 .rodata.us_interface
                0x0000ced8       0x14 D:\Dropbox\__Lab Dev\2016_mbed\mbed_blinky_run\mbed\TARGET_LPC1768\TOOLCHAIN_GCC_CR\libmbed.a(us_ticker_api.o)
 .rodata.us_data
                0x0000ceec        0x8 D:\Dropbox\__Lab Dev\2016_mbed\mbed_blinky_run\mbed\TARGET_LPC1768\TOOLCHAIN_GCC_CR\libmbed.a(us_ticker_api.o)
 .rodata.str1.4
                0x0000cef4        0x2 c:/nxp/lpcxpresso_8.0.0_526/lpcxpresso/tools/bin/../lib/gcc/arm-none-eabi/4.9.3/../../../../arm-none-eabi/lib/armv7-m\libc.a(lib_a-impure.o)
 *fill*         0x0000cef6        0x2 
 .rodata._global_impure_ptr
                0x0000cef8        0x4 c:/nxp/lpcxpresso_8.0.0_526/lpcxpresso/tools/bin/../lib/gcc/arm-none-eabi/4.9.3/../../../../arm-none-eabi/lib/armv7-m\libc.a(lib_a-impure.o)
                0x0000cef8                _global_impure_ptr
 .rodata.zeroes.6911
                0x0000cefc       0x10 c:/nxp/lpcxpresso_8.0.0_526/lpcxpresso/tools/bin/../lib/gcc/arm-none-eabi/4.9.3/../../../../arm-none-eabi/lib/armv7-m\libc.a(lib_a-svfprintf.o)
 .rodata.blanks.6910
                0x0000cf0c       0x10 c:/nxp/lpcxpresso_8.0.0_526/lpcxpresso/tools/bin/../lib/gcc/arm-none-eabi/4.9.3/../../../../arm-none-eabi/lib/armv7-m\libc.a(lib_a-svfprintf.o)
 .rodata.str1.4
                0x0000cf1c       0x42 c:/nxp/lpcxpresso_8.0.0_526/lpcxpresso/tools/bin/../lib/gcc/arm-none-eabi/4.9.3/../../../../arm-none-eabi/lib/armv7-m\libc.a(lib_a-svfprintf.o)
 *fill*         0x0000cf5e        0x2 
 .rodata.str1.4
                0x0000cf60        0x5 c:/nxp/lpcxpresso_8.0.0_526/lpcxpresso/tools/bin/../lib/gcc/arm-none-eabi/4.9.3/../../../../arm-none-eabi/lib/armv7-m\libc.a(lib_a-svfscanf.o)
 *fill*         0x0000cf65        0x3 
 .rodata.basefix.6862
                0x0000cf68       0x22 c:/nxp/lpcxpresso_8.0.0_526/lpcxpresso/tools/bin/../lib/gcc/arm-none-eabi/4.9.3/../../../../arm-none-eabi/lib/armv7-m\libc.a(lib_a-svfscanf.o)
 *fill*         0x0000cf8a        0x2 
 .rodata.zeroes.6926
                0x0000cf8c       0x10 c:/nxp/lpcxpresso_8.0.0_526/lpcxpresso/tools/bin/../lib/gcc/arm-none-eabi/4.9.3/../../../../arm-none-eabi/lib/armv7-m\libc.a(lib_a-vfprintf.o)
 .rodata.str1.4
                0x00000000       0x42 c:/nxp/lpcxpresso_8.0.0_526/lpcxpresso/tools/bin/../lib/gcc/arm-none-eabi/4.9.3/../../../../arm-none-eabi/lib/armv7-m\libc.a(lib_a-vfprintf.o)
 .rodata.blanks.6925
                0x0000cf9c       0x10 c:/nxp/lpcxpresso_8.0.0_526/lpcxpresso/tools/bin/../lib/gcc/arm-none-eabi/4.9.3/../../../../arm-none-eabi/lib/armv7-m\libc.a(lib_a-vfprintf.o)
 .rodata._ctype_
                0x0000cfac      0x101 c:/nxp/lpcxpresso_8.0.0_526/lpcxpresso/tools/bin/../lib/gcc/arm-none-eabi/4.9.3/../../../../arm-none-eabi/lib/armv7-m\libc.a(lib_a-ctype_.o)
                0x0000cfac                _ctype_
 *fill*         0x0000d0ad        0x3 
 .rodata.str1.4
                0x0000d0b0       0x10 c:/nxp/lpcxpresso_8.0.0_526/lpcxpresso/tools/bin/../lib/gcc/arm-none-eabi/4.9.3/../../../../arm-none-eabi/lib/armv7-m\libc.a(lib_a-dtoa.o)
                                 0x12 (size before relaxing)
 .rodata.str1.4
                0x0000d0c0        0xa c:/nxp/lpcxpresso_8.0.0_526/lpcxpresso/tools/bin/../lib/gcc/arm-none-eabi/4.9.3/../../../../arm-none-eabi/lib/armv7-m\libc.a(lib_a-locale.o)
                                 0x12 (size before relaxing)
 .rodata.str1.4
                0x00000000        0x1 c:/nxp/lpcxpresso_8.0.0_526/lpcxpresso/tools/bin/../lib/gcc/arm-none-eabi/4.9.3/../../../../arm-none-eabi/lib/armv7-m\libc.a(lib_a-mbrtowc.o)
 *fill*         0x0000d0ca        0x6 
 .rodata.__mprec_tens
                0x0000d0d0       0xc8 c:/nxp/lpcxpresso_8.0.0_526/lpcxpresso/tools/bin/../lib/gcc/arm-none-eabi/4.9.3/../../../../arm-none-eabi/lib/armv7-m\libc.a(lib_a-mprec.o)
                0x0000d0d0                __mprec_tens
 .rodata.p05.5302
                0x0000d198        0xc c:/nxp/lpcxpresso_8.0.0_526/lpcxpresso/tools/bin/../lib/gcc/arm-none-eabi/4.9.3/../../../../arm-none-eabi/lib/armv7-m\libc.a(lib_a-mprec.o)
 *fill*         0x0000d1a4        0x4 
 .rodata.__mprec_bigtens
                0x0000d1a8       0x28 c:/nxp/lpcxpresso_8.0.0_526/lpcxpresso/tools/bin/../lib/gcc/arm-none-eabi/4.9.3/../../../../arm-none-eabi/lib/armv7-m\libc.a(lib_a-mprec.o)
                0x0000d1a8                __mprec_bigtens
 .rodata.tinytens
                0x0000d1d0       0x28 c:/nxp/lpcxpresso_8.0.0_526/lpcxpresso/tools/bin/../lib/gcc/arm-none-eabi/4.9.3/../../../../arm-none-eabi/lib/armv7-m\libc.a(lib_a-strtod.o)
 .rodata.fpinan.5307
                0x0000d1f8       0x14 c:/nxp/lpcxpresso_8.0.0_526/lpcxpresso/tools/bin/../lib/gcc/arm-none-eabi/4.9.3/../../../../arm-none-eabi/lib/armv7-m\libc.a(lib_a-strtod.o)
 .rodata.str1.4
                0x0000d20c       0x10 c:/nxp/lpcxpresso_8.0.0_526/lpcxpresso/tools/bin/../lib/gcc/arm-none-eabi/4.9.3/../../../../arm-none-eabi/lib/armv7-m\libc.a(lib_a-strtod.o)
                                  0xf (size before relaxing)
 .rodata.fpi.5271
                0x0000d21c       0x14 c:/nxp/lpcxpresso_8.0.0_526/lpcxpresso/tools/bin/../lib/gcc/arm-none-eabi/4.9.3/../../../../arm-none-eabi/lib/armv7-m\libc.a(lib_a-strtod.o)
 .rodata.__hexdig
                0x0000d230      0x100 c:/nxp/lpcxpresso_8.0.0_526/lpcxpresso/tools/bin/../lib/gcc/arm-none-eabi/4.9.3/../../../../arm-none-eabi/lib/armv7-m\libc.a(lib_a-gdtoa-gethex.o)
                0x0000d230                __hexdig
                0x0000d330                . = ALIGN (0x4)
                0x0000d330                . = ALIGN (0x4)
 *(.init)
 .init          0x0000d330        0x4 c:/nxp/lpcxpresso_8.0.0_526/lpcxpresso/tools/bin/../lib/gcc/arm-none-eabi/4.9.3/armv7-m\crti.o
                0x0000d330                _init
 .init          0x0000d334        0x8 c:/nxp/lpcxpresso_8.0.0_526/lpcxpresso/tools/bin/../lib/gcc/arm-none-eabi/4.9.3/armv7-m\crtn.o
                0x0000d33c                . = ALIGN (0x4)
                0x0000d33c                __preinit_array_start = .
 *(.preinit_array)
                0x0000d33c                __preinit_array_end = .
                0x0000d33c                . = ALIGN (0x4)
                0x0000d33c                __init_array_start = .
 *(SORT(.init_array.*))
 *(.init_array)
 .init_array    0x0000d33c        0x4 ./main.o
 .init_array    0x0000d340        0x4 c:/nxp/lpcxpresso_8.0.0_526/lpcxpresso/tools/bin/../lib/gcc/arm-none-eabi/4.9.3/armv7-m\crtbegin.o
                0x0000d344                __init_array_end = .
 *(.fini)
 .fini          0x0000d344        0x4 c:/nxp/lpcxpresso_8.0.0_526/lpcxpresso/tools/bin/../lib/gcc/arm-none-eabi/4.9.3/armv7-m\crti.o
                0x0000d344                _fini
 .fini          0x0000d348        0x8 c:/nxp/lpcxpresso_8.0.0_526/lpcxpresso/tools/bin/../lib/gcc/arm-none-eabi/4.9.3/armv7-m\crtn.o
                0x0000d350                . = ALIGN (0x4)
 *crtbegin.o(.ctors)
 *(EXCLUDE_FILE(*crtend.o) .ctors)
 *(SORT(.ctors.*))
 *crtend.o(.ctors)
                0x0000d350                . = ALIGN (0x4)
 *crtbegin.o(.dtors)
 *(EXCLUDE_FILE(*crtend.o) .dtors)
 *(SORT(.dtors.*))
 *crtend.o(.dtors)

.glue_7         0x0000d350        0x0
 .glue_7        0x00000000        0x0 linker stubs

.glue_7t        0x0000d350        0x0
 .glue_7t       0x00000000        0x0 linker stubs

.vfp11_veneer   0x0000d350        0x0
 .vfp11_veneer  0x00000000        0x0 linker stubs

.v4_bx          0x0000d350        0x0
 .v4_bx         0x00000000        0x0 linker stubs

.iplt           0x0000d350        0x0
 .iplt          0x00000000        0x0 ./main.o

.ARM.extab
 *(.ARM.extab* .gnu.linkonce.armextab.*)
                0x0000d350                __exidx_start = .

.ARM.exidx      0x0000d350        0x8
 *(.ARM.exidx* .gnu.linkonce.armexidx.*)
 .ARM.exidx     0x0000d350        0x8 c:/nxp/lpcxpresso_8.0.0_526/lpcxpresso/tools/bin/../lib/gcc/arm-none-eabi/4.9.3/armv7-m\libgcc.a(_divdi3.o)
 .ARM.exidx     0x0000d358        0x0 c:/nxp/lpcxpresso_8.0.0_526/lpcxpresso/tools/bin/../lib/gcc/arm-none-eabi/4.9.3/armv7-m\libgcc.a(_udivdi3.o)
                                  0x8 (size before relaxing)
                0x0000d358                __exidx_end = .
                0x0000d358                _etext = .

.rel.dyn        0x0000d358        0x0
 .rel.iplt      0x00000000        0x0 ./main.o

.eh_frame       0x0000d358        0x0
 .eh_frame      0x0000d358        0x0 c:/nxp/lpcxpresso_8.0.0_526/lpcxpresso/tools/bin/../lib/gcc/arm-none-eabi/4.9.3/armv7-m\crtbegin.o

.data_RAM2      0x2007c000        0x0 load address 0x0000d358
 FILL mask 0xff
 *(.data.$RAM2*)
 *(.data.$RamAHB32*)
                0x2007c000                . = ALIGN (0x4)

.uninit_RESERVED
 *(.bss.$RESERVED*)

.data           0x100000c8      0x8b0 load address 0x0000d358
 FILL mask 0xff
                0x100000c8                _data = .
 *(vtable)
 *(.data*)
 .data.SystemCoreClock
                0x100000c8        0x4 D:/Dropbox/__Lab Dev/2016_mbed/mbed_blinky_run/mbed/TARGET_LPC1768/TOOLCHAIN_GCC_CR/system_LPC17xx.o
                0x100000c8                SystemCoreClock
 *fill*         0x100000cc        0x4 
 .data.impure_data
                0x100000d0      0x428 c:/nxp/lpcxpresso_8.0.0_526/lpcxpresso/tools/bin/../lib/gcc/arm-none-eabi/4.9.3/../../../../arm-none-eabi/lib/armv7-m\libc.a(lib_a-impure.o)
 .data._impure_ptr
                0x100004f8        0x4 c:/nxp/lpcxpresso_8.0.0_526/lpcxpresso/tools/bin/../lib/gcc/arm-none-eabi/4.9.3/../../../../arm-none-eabi/lib/armv7-m\libc.a(lib_a-impure.o)
                0x100004f8                _impure_ptr
 .data.__malloc_av_
                0x100004fc      0x408 c:/nxp/lpcxpresso_8.0.0_526/lpcxpresso/tools/bin/../lib/gcc/arm-none-eabi/4.9.3/../../../../arm-none-eabi/lib/armv7-m\libc.a(lib_a-mallocr.o)
                0x100004fc                __malloc_av_
 .data.__malloc_trim_threshold
                0x10000904        0x4 c:/nxp/lpcxpresso_8.0.0_526/lpcxpresso/tools/bin/../lib/gcc/arm-none-eabi/4.9.3/../../../../arm-none-eabi/lib/armv7-m\libc.a(lib_a-mallocr.o)
                0x10000904                __malloc_trim_threshold
 .data.__malloc_sbrk_base
                0x10000908        0x4 c:/nxp/lpcxpresso_8.0.0_526/lpcxpresso/tools/bin/../lib/gcc/arm-none-eabi/4.9.3/../../../../arm-none-eabi/lib/armv7-m\libc.a(lib_a-mallocr.o)
                0x10000908                __malloc_sbrk_base
 .data.__ctype_ptr__
                0x1000090c        0x4 c:/nxp/lpcxpresso_8.0.0_526/lpcxpresso/tools/bin/../lib/gcc/arm-none-eabi/4.9.3/../../../../arm-none-eabi/lib/armv7-m\libc.a(lib_a-ctype_.o)
                0x1000090c                __ctype_ptr__
 .data.lconv    0x10000910       0x38 c:/nxp/lpcxpresso_8.0.0_526/lpcxpresso/tools/bin/../lib/gcc/arm-none-eabi/4.9.3/../../../../arm-none-eabi/lib/armv7-m\libc.a(lib_a-locale.o)
 .data.lc_ctype_charset
                0x10000948       0x20 c:/nxp/lpcxpresso_8.0.0_526/lpcxpresso/tools/bin/../lib/gcc/arm-none-eabi/4.9.3/../../../../arm-none-eabi/lib/armv7-m\libc.a(lib_a-locale.o)
 .data.__mb_cur_max
                0x10000968        0x4 c:/nxp/lpcxpresso_8.0.0_526/lpcxpresso/tools/bin/../lib/gcc/arm-none-eabi/4.9.3/../../../../arm-none-eabi/lib/armv7-m\libc.a(lib_a-locale.o)
                0x10000968                __mb_cur_max
 .data.__mbtowc
                0x1000096c        0x4 c:/nxp/lpcxpresso_8.0.0_526/lpcxpresso/tools/bin/../lib/gcc/arm-none-eabi/4.9.3/../../../../arm-none-eabi/lib/armv7-m\libc.a(lib_a-mbtowc_r.o)
                0x1000096c                __mbtowc
 .data.__wctomb
                0x10000970        0x4 c:/nxp/lpcxpresso_8.0.0_526/lpcxpresso/tools/bin/../lib/gcc/arm-none-eabi/4.9.3/../../../../arm-none-eabi/lib/armv7-m\libc.a(lib_a-wctomb_r.o)
                0x10000970                __wctomb
 .data          0x10000974        0x4 c:/nxp/lpcxpresso_8.0.0_526/lpcxpresso/tools/bin/../lib/gcc/arm-none-eabi/4.9.3/armv7-m\crtbegin.o
                0x10000974                __dso_handle
                0x10000978                . = ALIGN (0x4)
                0x10000978                _edata = .

.igot.plt       0x10000978        0x0 load address 0x0000dc08
 .igot.plt      0x00000000        0x0 ./main.o

.jcr            0x10000978        0x0 load address 0x0000dc08
 .jcr           0x10000978        0x0 c:/nxp/lpcxpresso_8.0.0_526/lpcxpresso/tools/bin/../lib/gcc/arm-none-eabi/4.9.3/armv7-m\crtbegin.o

.bss_RAM2       0x2007c000        0x0
 *(.bss.$RAM2*)
 *(.bss.$RamAHB32*)
 *(AHBSRAM0)
                0x2007c000                . = ALIGN (0x4)

.bss_RAM3       0x20080000        0x0
 *(AHBSRAM1)
                0x20080000                . = ALIGN (0x4)

.bss            0x10000978      0x2c0
                0x10000978                _bss = .
 *(.bss*)
 .bss.serial    0x10000978       0x58 ./main.o
                0x10000978                serial
 .bss.ch1       0x100009d0        0x8 ./main.o
                0x100009d0                ch1
 .bss.ch2       0x100009d8        0x8 ./main.o
                0x100009d8                ch2
 .bss._ZL11filehandles
                0x100009e0      0x100 D:/Dropbox/__Lab Dev/2016_mbed/mbed_blinky_run/mbed/TARGET_LPC1768/TOOLCHAIN_GCC_CR/retarget.o
 .bss.stdio_uart_inited
                0x10000ae0        0x4 D:\Dropbox\__Lab Dev\2016_mbed\mbed_blinky_run\mbed\TARGET_LPC1768\TOOLCHAIN_GCC_CR\libmbed.a(serial_api.o)
                0x10000ae0                stdio_uart_inited
 .bss.irq_handler
                0x10000ae4        0x4 D:\Dropbox\__Lab Dev\2016_mbed\mbed_blinky_run\mbed\TARGET_LPC1768\TOOLCHAIN_GCC_CR\libmbed.a(serial_api.o)
 .bss.uart_data
                0x10000ae8       0xe0 D:\Dropbox\__Lab Dev\2016_mbed\mbed_blinky_run\mbed\TARGET_LPC1768\TOOLCHAIN_GCC_CR\libmbed.a(serial_api.o)
 .bss.us_ticker_inited
                0x10000bc8        0x4 D:\Dropbox\__Lab Dev\2016_mbed\mbed_blinky_run\mbed\TARGET_LPC1768\TOOLCHAIN_GCC_CR\libmbed.a(us_ticker.o)
                0x10000bc8                us_ticker_inited
 .bss._ZN4mbed8FileBase5_headE
                0x10000bcc        0x4 D:\Dropbox\__Lab Dev\2016_mbed\mbed_blinky_run\mbed\TARGET_LPC1768\TOOLCHAIN_GCC_CR\libmbed.a(FileBase.o)
                0x10000bcc                mbed::FileBase::_head
 .bss.events    0x10000bd0        0x8 D:\Dropbox\__Lab Dev\2016_mbed\mbed_blinky_run\mbed\TARGET_LPC1768\TOOLCHAIN_GCC_CR\libmbed.a(us_ticker_api.o)
 .bss.__malloc_max_total_mem
                0x10000bd8        0x4 c:/nxp/lpcxpresso_8.0.0_526/lpcxpresso/tools/bin/../lib/gcc/arm-none-eabi/4.9.3/../../../../arm-none-eabi/lib/armv7-m\libc.a(lib_a-mallocr.o)
                0x10000bd8                __malloc_max_total_mem
 .bss.__malloc_max_sbrked_mem
                0x10000bdc        0x4 c:/nxp/lpcxpresso_8.0.0_526/lpcxpresso/tools/bin/../lib/gcc/arm-none-eabi/4.9.3/../../../../arm-none-eabi/lib/armv7-m\libc.a(lib_a-mallocr.o)
                0x10000bdc                __malloc_max_sbrked_mem
 .bss.__malloc_top_pad
                0x10000be0        0x4 c:/nxp/lpcxpresso_8.0.0_526/lpcxpresso/tools/bin/../lib/gcc/arm-none-eabi/4.9.3/../../../../arm-none-eabi/lib/armv7-m\libc.a(lib_a-mallocr.o)
                0x10000be0                __malloc_top_pad
 .bss.__malloc_current_mallinfo
                0x10000be4       0x28 c:/nxp/lpcxpresso_8.0.0_526/lpcxpresso/tools/bin/../lib/gcc/arm-none-eabi/4.9.3/../../../../arm-none-eabi/lib/armv7-m\libc.a(lib_a-mallocr.o)
                0x10000be4                __malloc_current_mallinfo
 .bss           0x10000c0c       0x1c c:/nxp/lpcxpresso_8.0.0_526/lpcxpresso/tools/bin/../lib/gcc/arm-none-eabi/4.9.3/armv7-m\crtbegin.o
 *(COMMON)
 COMMON         0x10000c28        0x8 D:\Dropbox\__Lab Dev\2016_mbed\mbed_blinky_run\mbed\TARGET_LPC1768\TOOLCHAIN_GCC_CR\libmbed.a(serial_api.o)
                0x10000c28                stdio_uart
 COMMON         0x10000c30        0x4 c:/nxp/lpcxpresso_8.0.0_526/lpcxpresso/tools/bin/../lib/gcc/arm-none-eabi/4.9.3/../../../../arm-none-eabi/lib/armv7-m\libc.a(lib_a-reent.o)
                0x10000c30                errno
 COMMON         0x10000c34        0x4 c:/nxp/lpcxpresso_8.0.0_526/lpcxpresso/tools/bin/../lib/gcc/arm-none-eabi/4.9.3/../../../../arm-none-eabi/lib/armv7-m\libcr_newlib_nohost.a(_cr_sbrk.o)
                0x10000c34                __end_of_heap
                0x10000c38                . = ALIGN (0x4)
                0x10000c38                _ebss = .
                0x10000c38                PROVIDE (end, .)
                0x10000c38                __end__ = .
                0x10000c38                PROVIDE (_pvHeapStart, .)
                0x10008000                PROVIDE (_vStackTop, (__top_RamLoc32 - 0x0))
OUTPUT(mbed_blinky_run.axf elf32-littlearm)

.debug_info     0x00000000     0x2c21
 .debug_info    0x00000000     0x2a8a ./main.o
 .debug_info    0x00002a8a      0x12d c:/nxp/lpcxpresso_8.0.0_526/lpcxpresso/tools/bin/../lib/gcc/arm-none-eabi/4.9.3/../../../../arm-none-eabi/lib/armv7-m\libcr_newlib_nohost.a(_cr_sbrk.o)
 .debug_info    0x00002bb7       0x6a c:/nxp/lpcxpresso_8.0.0_526/lpcxpresso/tools/bin/../lib/gcc/arm-none-eabi/4.9.3/../../../../arm-none-eabi/lib/armv7-m\libcr_newlib_nohost.a(_cr_check_heap.o)

.debug_abbrev   0x00000000      0x669
 .debug_abbrev  0x00000000      0x511 ./main.o
 .debug_abbrev  0x00000511       0xf6 c:/nxp/lpcxpresso_8.0.0_526/lpcxpresso/tools/bin/../lib/gcc/arm-none-eabi/4.9.3/../../../../arm-none-eabi/lib/armv7-m\libcr_newlib_nohost.a(_cr_sbrk.o)
 .debug_abbrev  0x00000607       0x62 c:/nxp/lpcxpresso_8.0.0_526/lpcxpresso/tools/bin/../lib/gcc/arm-none-eabi/4.9.3/../../../../arm-none-eabi/lib/armv7-m\libcr_newlib_nohost.a(_cr_check_heap.o)

.debug_aranges  0x00000000       0xe0
 .debug_aranges
                0x00000000       0xa0 ./main.o
 .debug_aranges
                0x000000a0       0x20 c:/nxp/lpcxpresso_8.0.0_526/lpcxpresso/tools/bin/../lib/gcc/arm-none-eabi/4.9.3/../../../../arm-none-eabi/lib/armv7-m\libcr_newlib_nohost.a(_cr_sbrk.o)
 .debug_aranges
                0x000000c0       0x20 c:/nxp/lpcxpresso_8.0.0_526/lpcxpresso/tools/bin/../lib/gcc/arm-none-eabi/4.9.3/../../../../arm-none-eabi/lib/armv7-m\libcr_newlib_nohost.a(_cr_check_heap.o)

.debug_ranges   0x00000000       0xb0
 .debug_ranges  0x00000000       0x90 ./main.o
 .debug_ranges  0x00000090       0x10 c:/nxp/lpcxpresso_8.0.0_526/lpcxpresso/tools/bin/../lib/gcc/arm-none-eabi/4.9.3/../../../../arm-none-eabi/lib/armv7-m\libcr_newlib_nohost.a(_cr_sbrk.o)
 .debug_ranges  0x000000a0       0x10 c:/nxp/lpcxpresso_8.0.0_526/lpcxpresso/tools/bin/../lib/gcc/arm-none-eabi/4.9.3/../../../../arm-none-eabi/lib/armv7-m\libcr_newlib_nohost.a(_cr_check_heap.o)

.debug_macro    0x00000000     0x3b44
 .debug_macro   0x00000000      0x54c ./main.o
 .debug_macro   0x0000054c      0x8e6 ./main.o
 .debug_macro   0x00000e32       0x10 ./main.o
 .debug_macro   0x00000e42       0x10 ./main.o
 .debug_macro   0x00000e52       0x9a ./main.o
 .debug_macro   0x00000eec       0x1c ./main.o
 .debug_macro   0x00000f08       0x3a ./main.o
 .debug_macro   0x00000f42       0x22 ./main.o
 .debug_macro   0x00000f64       0x44 ./main.o
 .debug_macro   0x00000fa8       0xe3 ./main.o
 .debug_macro   0x0000108b       0x22 ./main.o
 .debug_macro   0x000010ad      0x1df ./main.o
 .debug_macro   0x0000128c       0x34 ./main.o
 .debug_macro   0x000012c0      0xc91 ./main.o
 .debug_macro   0x00001f51      0x2c7 ./main.o
 .debug_macro   0x00002218       0x10 ./main.o
 .debug_macro   0x00002228       0x17 ./main.o
 .debug_macro   0x0000223f       0x9a ./main.o
 .debug_macro   0x000022d9       0x10 ./main.o
 .debug_macro   0x000022e9       0xef ./main.o
 .debug_macro   0x000023d8      0x337 ./main.o
 .debug_macro   0x0000270f      0x166 ./main.o
 .debug_macro   0x00002875       0x58 ./main.o
 .debug_macro   0x000028cd       0x35 ./main.o
 .debug_macro   0x00002902       0x9c ./main.o
 .debug_macro   0x0000299e       0x16 ./main.o
 .debug_macro   0x000029b4       0x35 ./main.o
 .debug_macro   0x000029e9       0x52 ./main.o
 .debug_macro   0x00002a3b       0x16 ./main.o
 .debug_macro   0x00002a51       0x43 ./main.o
 .debug_macro   0x00002a94      0x180 ./main.o
 .debug_macro   0x00002c14      0x2b2 ./main.o
 .debug_macro   0x00002ec6       0x16 ./main.o
 .debug_macro   0x00002edc       0x29 ./main.o
 .debug_macro   0x00002f05       0xac ./main.o
 .debug_macro   0x00002fb1       0x1c ./main.o
 .debug_macro   0x00002fcd       0x10 ./main.o
 .debug_macro   0x00002fdd       0x10 ./main.o
 .debug_macro   0x00002fed       0x22 ./main.o
 .debug_macro   0x0000300f       0xbe ./main.o
 .debug_macro   0x000030cd       0x16 ./main.o
 .debug_macro   0x000030e3      0x197 ./main.o
 .debug_macro   0x0000327a      0x100 ./main.o
 .debug_macro   0x0000337a       0x16 ./main.o
 .debug_macro   0x00003390       0x8e ./main.o
 .debug_macro   0x0000341e      0x1da ./main.o
 .debug_macro   0x000035f8       0x16 ./main.o
 .debug_macro   0x0000360e       0x10 ./main.o
 .debug_macro   0x0000361e       0x10 ./main.o
 .debug_macro   0x0000362e       0x10 ./main.o
 .debug_macro   0x0000363e       0x35 ./main.o
 .debug_macro   0x00003673       0x3a ./main.o
 .debug_macro   0x000036ad      0x1cd ./main.o
 .debug_macro   0x0000387a      0x128 ./main.o
 .debug_macro   0x000039a2       0x10 ./main.o
 .debug_macro   0x000039b2       0x7c ./main.o
 .debug_macro   0x00003a2e       0x52 ./main.o
 .debug_macro   0x00003a80       0x10 ./main.o
 .debug_macro   0x00003a90       0x5e ./main.o
 .debug_macro   0x00003aee       0x2e ./main.o
 .debug_macro   0x00003b1c       0x28 ./main.o

.debug_line     0x00000000      0xc78
 .debug_line    0x00000000      0xb2a ./main.o
 .debug_line    0x00000b2a      0x101 c:/nxp/lpcxpresso_8.0.0_526/lpcxpresso/tools/bin/../lib/gcc/arm-none-eabi/4.9.3/../../../../arm-none-eabi/lib/armv7-m\libcr_newlib_nohost.a(_cr_sbrk.o)
 .debug_line    0x00000c2b       0x4d c:/nxp/lpcxpresso_8.0.0_526/lpcxpresso/tools/bin/../lib/gcc/arm-none-eabi/4.9.3/../../../../arm-none-eabi/lib/armv7-m\libcr_newlib_nohost.a(_cr_check_heap.o)

.debug_str      0x00000000    0x10439
 .debug_str     0x00000000    0x1029c ./main.o
                              0x1065d (size before relaxing)
 .debug_str     0x0001029c      0x178 c:/nxp/lpcxpresso_8.0.0_526/lpcxpresso/tools/bin/../lib/gcc/arm-none-eabi/4.9.3/../../../../arm-none-eabi/lib/armv7-m\libcr_newlib_nohost.a(_cr_sbrk.o)
                                0x211 (size before relaxing)
 .debug_str     0x00010414       0x25 c:/nxp/lpcxpresso_8.0.0_526/lpcxpresso/tools/bin/../lib/gcc/arm-none-eabi/4.9.3/../../../../arm-none-eabi/lib/armv7-m\libcr_newlib_nohost.a(_cr_check_heap.o)
                                0x15f (size before relaxing)

.comment        0x00000000      0x150
 .comment       0x00000000       0x70 ./main.o
                                 0x71 (size before relaxing)
 .comment       0x00000070       0x70 D:/Dropbox/__Lab Dev/2016_mbed/mbed_blinky_run/mbed/TARGET_LPC1768/TOOLCHAIN_GCC_CR/board.o
                                 0x71 (size before relaxing)
 .comment       0x00000000       0x71 D:/Dropbox/__Lab Dev/2016_mbed/mbed_blinky_run/mbed/TARGET_LPC1768/TOOLCHAIN_GCC_CR/cmsis_nvic.o
 .comment       0x00000000       0x71 D:/Dropbox/__Lab Dev/2016_mbed/mbed_blinky_run/mbed/TARGET_LPC1768/TOOLCHAIN_GCC_CR/retarget.o
 .comment       0x00000000       0x71 D:/Dropbox/__Lab Dev/2016_mbed/mbed_blinky_run/mbed/TARGET_LPC1768/TOOLCHAIN_GCC_CR/startup_LPC17xx.o
 .comment       0x00000000       0x71 D:/Dropbox/__Lab Dev/2016_mbed/mbed_blinky_run/mbed/TARGET_LPC1768/TOOLCHAIN_GCC_CR/system_LPC17xx.o
 .comment       0x00000000       0x71 D:\Dropbox\__Lab Dev\2016_mbed\mbed_blinky_run\mbed\TARGET_LPC1768\TOOLCHAIN_GCC_CR\libmbed.a(analogin_api.o)
 .comment       0x00000000       0x71 D:\Dropbox\__Lab Dev\2016_mbed\mbed_blinky_run\mbed\TARGET_LPC1768\TOOLCHAIN_GCC_CR\libmbed.a(serial_api.o)
 .comment       0x00000000       0x71 D:\Dropbox\__Lab Dev\2016_mbed\mbed_blinky_run\mbed\TARGET_LPC1768\TOOLCHAIN_GCC_CR\libmbed.a(FilePath.o)
 .comment       0x00000000       0x71 D:\Dropbox\__Lab Dev\2016_mbed\mbed_blinky_run\mbed\TARGET_LPC1768\TOOLCHAIN_GCC_CR\libmbed.a(Serial.o)
 .comment       0x00000000       0x71 D:\Dropbox\__Lab Dev\2016_mbed\mbed_blinky_run\mbed\TARGET_LPC1768\TOOLCHAIN_GCC_CR\libmbed.a(SerialBase.o)
 .comment       0x00000000       0x71 D:\Dropbox\__Lab Dev\2016_mbed\mbed_blinky_run\mbed\TARGET_LPC1768\TOOLCHAIN_GCC_CR\libmbed.a(Stream.o)
 .comment       0x00000000       0x71 D:\Dropbox\__Lab Dev\2016_mbed\mbed_blinky_run\mbed\TARGET_LPC1768\TOOLCHAIN_GCC_CR\libmbed.a(assert.o)
 .comment       0x00000000       0x71 D:\Dropbox\__Lab Dev\2016_mbed\mbed_blinky_run\mbed\TARGET_LPC1768\TOOLCHAIN_GCC_CR\libmbed.a(error.o)
 .comment       0x00000000       0x71 D:\Dropbox\__Lab Dev\2016_mbed\mbed_blinky_run\mbed\TARGET_LPC1768\TOOLCHAIN_GCC_CR\libmbed.a(gpio.o)